2025-10-27 11:12:25.996 INFO  c.k.katalon.core.main.TestSuiteExecutor  - START Test Suites/TS - API Users
2025-10-27 11:12:26.267 INFO  c.k.katalon.core.main.TestSuiteExecutor  - userFullName = Baby Grooot
2025-10-27 11:12:26.294 INFO  c.k.katalon.core.main.TestSuiteExecutor  - projectName = katalon-api-testing
2025-10-27 11:12:26.298 INFO  c.k.katalon.core.main.TestSuiteExecutor  - hostName = belajar - DESKTOP-SPLIHBS
2025-10-27 11:12:26.300 INFO  c.k.katalon.core.main.TestSuiteExecutor  - os = Windows 10 64bit
2025-10-27 11:12:26.305 INFO  c.k.katalon.core.main.TestSuiteExecutor  - hostAddress = 192.168.0.108
2025-10-27 11:12:26.307 INFO  c.k.katalon.core.main.TestSuiteExecutor  - katalonVersion = 10.3.1.0
2025-10-27 11:12:27.704 INFO  c.k.katalon.core.main.TestCaseExecutor   - --------------------
2025-10-27 11:12:27.705 INFO  c.k.katalon.core.main.TestCaseExecutor   - START Test Cases/Mock API/TC01-GET ALL USERS
2025-10-27 11:12:29.120 DEBUG testcase.TC01-GET ALL USERS              - 1: response = sendRequest(findTestObject("GET ALL USERS"))
2025-10-27 11:12:33.386 INFO  c.k.k.core.webservice.common.HarLogger   - HAR: C:\Users\Baby Groot\Katalon Studio\katalon-api-testing\Reports\20251027_111210\TS - API Users\20251027_111211\requests\main\GET-ALL-USERS_0.har
2025-10-27 11:12:33.624 DEBUG testcase.TC01-GET ALL USERS              - 2: responseTime = response.getElapsedTime()
2025-10-27 11:12:33.710 DEBUG testcase.TC01-GET ALL USERS              - 3: verifyLessThan(responseTime, 10000)
2025-10-27 11:12:33.840 INFO  c.k.katalon.core.main.TestCaseExecutor   - END Test Cases/Mock API/TC01-GET ALL USERS
2025-10-27 11:12:33.867 INFO  c.k.katalon.core.main.TestCaseExecutor   - --------------------
2025-10-27 11:12:33.874 INFO  c.k.katalon.core.main.TestCaseExecutor   - START Test Cases/Mock API/TC02-POST NEW USER
2025-10-27 11:12:34.177 DEBUG testcase.TC01-GET ALL USERS              - 1: response = sendRequest(findTestObject("POST NEW USER", ["firstname":"Baby", "lastname":"Groot", "username":"broot", "jobposition":"QAE", "joblevel":"Junior", "salary":7777777, "workduration":2]))
2025-10-27 11:12:34.888 INFO  c.k.k.core.webservice.common.HarLogger   - HAR: C:\Users\Baby Groot\Katalon Studio\katalon-api-testing\Reports\20251027_111210\TS - API Users\20251027_111211\requests\main\POST-NEW-USER_1.har
2025-10-27 11:12:34.904 DEBUG testcase.TC01-GET ALL USERS              - 2: userName = getElementPropertyValue(response, "[0].username")
2025-10-27 11:12:35.131 DEBUG testcase.TC01-GET ALL USERS              - 3: jobPosition = getElementPropertyValue(response, "[0].job_position")
2025-10-27 11:12:35.246 DEBUG testcase.TC01-GET ALL USERS              - 4: verifyEqual(userName, "broot")
2025-10-27 11:12:35.297 DEBUG testcase.TC01-GET ALL USERS              - 5: assert jobPosition == "QAE"
2025-10-27 11:12:35.314 INFO  c.k.katalon.core.main.TestCaseExecutor   - END Test Cases/Mock API/TC02-POST NEW USER
2025-10-27 11:12:35.332 INFO  c.k.katalon.core.main.TestCaseExecutor   - --------------------
2025-10-27 11:12:35.345 INFO  c.k.katalon.core.main.TestCaseExecutor   - START Test Cases/Mock API/TC03-GET SINGLE USER
2025-10-27 11:12:35.555 DEBUG testcase.TC01-GET ALL USERS              - 1: response = sendRequest(findTestObject("GET SINGLE USER"))
2025-10-27 11:12:36.027 INFO  c.k.k.core.webservice.common.HarLogger   - HAR: C:\Users\Baby Groot\Katalon Studio\katalon-api-testing\Reports\20251027_111210\TS - API Users\20251027_111211\requests\main\GET-SINGLE-USER_2.har
2025-10-27 11:12:36.049 DEBUG testcase.TC01-GET ALL USERS              - 2: firtsName = getElementPropertyValue(response, "[0].first_name")
2025-10-27 11:12:36.196 DEBUG testcase.TC01-GET ALL USERS              - 3: lastName = getElementPropertyValue(response, "[0].last_name")
2025-10-27 11:12:36.287 DEBUG testcase.TC01-GET ALL USERS              - 4: workDuration = getElementPropertyValue(response, "[0].work_duration")
2025-10-27 11:12:36.390 DEBUG testcase.TC01-GET ALL USERS              - 5: verifyEqual(firtsName, "Baby")
2025-10-27 11:12:36.411 DEBUG testcase.TC01-GET ALL USERS              - 6: verifyMatch(lastName, "Gro.*", true)
2025-10-27 11:12:36.477 DEBUG testcase.TC01-GET ALL USERS              - 7: assert workDuration == 2
2025-10-27 11:12:36.492 INFO  c.k.katalon.core.main.TestCaseExecutor   - END Test Cases/Mock API/TC03-GET SINGLE USER
2025-10-27 11:12:36.529 INFO  c.k.katalon.core.main.TestCaseExecutor   - --------------------
2025-10-27 11:12:36.545 INFO  c.k.katalon.core.main.TestCaseExecutor   - START Test Cases/Mock API/TC04-PATCH USER
2025-10-27 11:12:36.866 DEBUG testcase.TC01-GET ALL USERS              - 1: response = sendRequest(findTestObject("PATCH A USER", ["jobposition":"Senior QA Engineer", "salary":8888888]))
2025-10-27 11:12:37.378 INFO  c.k.k.core.webservice.common.HarLogger   - HAR: C:\Users\Baby Groot\Katalon Studio\katalon-api-testing\Reports\20251027_111210\TS - API Users\20251027_111211\requests\main\PATCH-A-USER_3.har
2025-10-27 11:12:37.397 DEBUG testcase.TC01-GET ALL USERS              - 2: userName = getElementPropertyValue(response, "[0].username")
2025-10-27 11:12:37.520 DEBUG testcase.TC01-GET ALL USERS              - 3: jobPosition = getElementPropertyValue(response, "[0].job_position")
2025-10-27 11:12:37.582 DEBUG testcase.TC01-GET ALL USERS              - 4: Salary = getElementPropertyValue(response, "[0].salary")
2025-10-27 11:12:37.674 DEBUG testcase.TC01-GET ALL USERS              - 5: verifyEqual(userName, "broot")
2025-10-27 11:12:37.707 DEBUG testcase.TC01-GET ALL USERS              - 6: verifyMatch(jobPosition, "Senior QA Engineer", false)
2025-10-27 11:12:37.780 DEBUG testcase.TC01-GET ALL USERS              - 7: assert Salary == 8888888
2025-10-27 11:12:37.840 INFO  c.k.katalon.core.main.TestCaseExecutor   - END Test Cases/Mock API/TC04-PATCH USER
2025-10-27 11:12:37.869 INFO  c.k.katalon.core.main.TestCaseExecutor   - --------------------
2025-10-27 11:12:37.869 INFO  c.k.katalon.core.main.TestCaseExecutor   - START Test Cases/Mock API/TC05-DELETE USER
2025-10-27 11:12:38.104 DEBUG testcase.TC01-GET ALL USERS              - 1: response = sendRequest(findTestObject("DELETE USER"))
2025-10-27 11:12:38.511 INFO  c.k.k.core.webservice.common.HarLogger   - HAR: C:\Users\Baby Groot\Katalon Studio\katalon-api-testing\Reports\20251027_111210\TS - API Users\20251027_111211\requests\main\DELETE-USER_4.har
2025-10-27 11:12:38.528 DEBUG testcase.TC01-GET ALL USERS              - 2: responseTime = response.getElapsedTime()
2025-10-27 11:12:38.542 DEBUG testcase.TC01-GET ALL USERS              - 3: verifyLessThan(responseTime, 10000)
2025-10-27 11:12:38.582 INFO  c.k.katalon.core.main.TestCaseExecutor   - END Test Cases/Mock API/TC05-DELETE USER
2025-10-27 11:12:38.743 INFO  c.k.katalon.core.main.TestSuiteExecutor  - --------------------
2025-10-27 11:12:38.746 INFO  c.k.katalon.core.main.TestSuiteExecutor  - END Test Suites/TS - API Users
2025-10-27 11:12:38.746 INFO  c.k.katalon.core.main.TestSuiteExecutor  - ====================
