2025-10-27 11:12:49.562 INFO  c.k.katalon.core.main.TestSuiteExecutor  - START Test Suites/TS - Workflow User CRUD
2025-10-27 11:12:49.827 INFO  c.k.katalon.core.main.TestSuiteExecutor  - userFullName = Baby Grooot
2025-10-27 11:12:49.833 INFO  c.k.katalon.core.main.TestSuiteExecutor  - projectName = katalon-api-testing
2025-10-27 11:12:49.840 INFO  c.k.katalon.core.main.TestSuiteExecutor  - hostName = belajar - DESKTOP-SPLIHBS
2025-10-27 11:12:49.847 INFO  c.k.katalon.core.main.TestSuiteExecutor  - os = Windows 10 64bit
2025-10-27 11:12:49.856 INFO  c.k.katalon.core.main.TestSuiteExecutor  - hostAddress = 192.168.0.108
2025-10-27 11:12:49.861 INFO  c.k.katalon.core.main.TestSuiteExecutor  - katalonVersion = 10.3.1.0
2025-10-27 11:12:51.060 INFO  c.k.katalon.core.main.TestCaseExecutor   - --------------------
2025-10-27 11:12:51.063 INFO  c.k.katalon.core.main.TestCaseExecutor   - START Test Cases/Mock API/TC06-Chain API - Workflow USER CRUD
2025-10-27 11:12:52.291 DEBUG t.TC06-Chain API - Workflow USER CRUD    - 1: testFirtsName = "Fitri"
2025-10-27 11:12:52.305 DEBUG t.TC06-Chain API - Workflow USER CRUD    - 2: testLastName = "Abdillah"
2025-10-27 11:12:52.319 DEBUG t.TC06-Chain API - Workflow USER CRUD    - 3: responsePost = sendRequest(findTestObject("POST NEW USER", ["firstname":testFirtsName, "lastname":testLastName, "username":"broot", "jobposition":"QAE", "joblevel":"Junior", "salary":7777777, ... ]))
2025-10-27 11:12:57.199 INFO  c.k.k.core.webservice.common.HarLogger   - HAR: C:\Users\Baby Groot\Katalon Studio\katalon-api-testing\Reports\20251027_111210\TS - Workflow User CRUD\20251027_111214\requests\main\POST-NEW-USER_0.har
2025-10-27 11:12:57.386 DEBUG t.TC06-Chain API - Workflow USER CRUD    - 4: userName = getElementPropertyValue(responsePost, "[0].username")
2025-10-27 11:12:57.567 DEBUG t.TC06-Chain API - Workflow USER CRUD    - 5: jobPosition = getElementPropertyValue(responsePost, "[0].job_position")
2025-10-27 11:12:57.697 DEBUG t.TC06-Chain API - Workflow USER CRUD    - 6: verifyEqual(userName, "broot")
2025-10-27 11:12:57.807 DEBUG t.TC06-Chain API - Workflow USER CRUD    - 7: assert jobPosition == "QAE"
2025-10-27 11:12:57.828 DEBUG t.TC06-Chain API - Workflow USER CRUD    - 8: responseAfterPost = sendRequest(findTestObject("GET SINGLE USER"))
2025-10-27 11:12:58.261 INFO  c.k.k.core.webservice.common.HarLogger   - HAR: C:\Users\Baby Groot\Katalon Studio\katalon-api-testing\Reports\20251027_111210\TS - Workflow User CRUD\20251027_111214\requests\main\GET-SINGLE-USER_1.har
2025-10-27 11:12:58.277 DEBUG t.TC06-Chain API - Workflow USER CRUD    - 9: firtsNameAfterPost = getElementPropertyValue(responseAfterPost, "[0].first_name")
2025-10-27 11:12:58.357 DEBUG t.TC06-Chain API - Workflow USER CRUD    - 10: lastNameAfterPost = getElementPropertyValue(responseAfterPost, "[0].last_name")
2025-10-27 11:12:58.426 DEBUG t.TC06-Chain API - Workflow USER CRUD    - 11: workDurationAfterPost = getElementPropertyValue(responseAfterPost, "[0].work_duration")
2025-10-27 11:12:58.492 DEBUG t.TC06-Chain API - Workflow USER CRUD    - 12: verifyEqual(firtsNameAfterPost, testFirtsName)
2025-10-27 11:12:58.502 DEBUG t.TC06-Chain API - Workflow USER CRUD    - 13: verifyEqual(lastNameAfterPost, testLastName)
2025-10-27 11:12:58.513 DEBUG t.TC06-Chain API - Workflow USER CRUD    - 14: assert workDurationAfterPost == 2
2025-10-27 11:12:58.522 DEBUG t.TC06-Chain API - Workflow USER CRUD    - 15: responsePatch = sendRequest(findTestObject("PATCH A USER", ["jobposition":"Senior QA Engineer", "salary":8888888]))
2025-10-27 11:12:58.987 INFO  c.k.k.core.webservice.common.HarLogger   - HAR: C:\Users\Baby Groot\Katalon Studio\katalon-api-testing\Reports\20251027_111210\TS - Workflow User CRUD\20251027_111214\requests\main\PATCH-A-USER_2.har
2025-10-27 11:12:59.008 DEBUG t.TC06-Chain API - Workflow USER CRUD    - 16: userNamePatch = getElementPropertyValue(responsePatch, "[0].username")
2025-10-27 11:12:59.120 DEBUG t.TC06-Chain API - Workflow USER CRUD    - 17: jobPositionPatch = getElementPropertyValue(responsePatch, "[0].job_position")
2025-10-27 11:12:59.221 DEBUG t.TC06-Chain API - Workflow USER CRUD    - 18: SalaryPatch = getElementPropertyValue(responsePatch, "[0].salary")
2025-10-27 11:12:59.308 DEBUG t.TC06-Chain API - Workflow USER CRUD    - 19: verifyEqual(userNamePatch, "broot")
2025-10-27 11:12:59.320 DEBUG t.TC06-Chain API - Workflow USER CRUD    - 20: verifyMatch(jobPositionPatch, "Senior QA Engineer", false)
2025-10-27 11:12:59.355 DEBUG t.TC06-Chain API - Workflow USER CRUD    - 21: assert SalaryPatch == 8888888
2025-10-27 11:12:59.363 DEBUG t.TC06-Chain API - Workflow USER CRUD    - 22: responseAfterPatch = sendRequest(findTestObject("GET SINGLE USER"))
2025-10-27 11:12:59.773 INFO  c.k.k.core.webservice.common.HarLogger   - HAR: C:\Users\Baby Groot\Katalon Studio\katalon-api-testing\Reports\20251027_111210\TS - Workflow User CRUD\20251027_111214\requests\main\GET-SINGLE-USER_3.har
2025-10-27 11:12:59.788 DEBUG t.TC06-Chain API - Workflow USER CRUD    - 23: userNameAfterPatch = getElementPropertyValue(responseAfterPatch, "[0].username")
2025-10-27 11:12:59.908 DEBUG t.TC06-Chain API - Workflow USER CRUD    - 24: firtsNameAfterPatch = getElementPropertyValue(responseAfterPatch, "[0].first_name")
2025-10-27 11:12:59.977 DEBUG t.TC06-Chain API - Workflow USER CRUD    - 25: lastNameAfterPatch = getElementPropertyValue(responseAfterPatch, "[0].last_name")
2025-10-27 11:13:00.061 DEBUG t.TC06-Chain API - Workflow USER CRUD    - 26: jobPositionAfterPatch = getElementPropertyValue(responseAfterPatch, "[0].job_position")
2025-10-27 11:13:00.178 DEBUG t.TC06-Chain API - Workflow USER CRUD    - 27: SalaryAfterPatch = getElementPropertyValue(responseAfterPatch, "[0].salary")
2025-10-27 11:13:00.248 DEBUG t.TC06-Chain API - Workflow USER CRUD    - 28: verifyEqual(userNameAfterPatch, "broot")
2025-10-27 11:13:00.260 DEBUG t.TC06-Chain API - Workflow USER CRUD    - 29: verifyEqual(firtsNameAfterPatch, testFirtsName)
2025-10-27 11:13:00.269 DEBUG t.TC06-Chain API - Workflow USER CRUD    - 30: verifyEqual(lastNameAfterPatch, testLastName)
2025-10-27 11:13:00.293 DEBUG t.TC06-Chain API - Workflow USER CRUD    - 31: verifyMatch(jobPositionAfterPatch, "Senior QA Engineer", false)
2025-10-27 11:13:00.306 DEBUG t.TC06-Chain API - Workflow USER CRUD    - 32: assert SalaryAfterPatch == 8888888
2025-10-27 11:13:00.313 DEBUG t.TC06-Chain API - Workflow USER CRUD    - 33: response = sendRequest(findTestObject("DELETE USER"))
2025-10-27 11:13:00.678 INFO  c.k.k.core.webservice.common.HarLogger   - HAR: C:\Users\Baby Groot\Katalon Studio\katalon-api-testing\Reports\20251027_111210\TS - Workflow User CRUD\20251027_111214\requests\main\DELETE-USER_4.har
2025-10-27 11:13:00.691 DEBUG t.TC06-Chain API - Workflow USER CRUD    - 34: responseTimeDelete = response.getElapsedTime()
2025-10-27 11:13:00.728 DEBUG t.TC06-Chain API - Workflow USER CRUD    - 35: verifyLessThan(responseTimeDelete, 10000)
2025-10-27 11:13:00.788 INFO  c.k.katalon.core.main.TestCaseExecutor   - END Test Cases/Mock API/TC06-Chain API - Workflow USER CRUD
2025-10-27 11:13:00.889 INFO  c.k.katalon.core.main.TestSuiteExecutor  - --------------------
2025-10-27 11:13:00.889 INFO  c.k.katalon.core.main.TestSuiteExecutor  - END Test Suites/TS - Workflow User CRUD
2025-10-27 11:13:00.890 INFO  c.k.katalon.core.main.TestSuiteExecutor  - ====================
