<?xml version="1.0" encoding="UTF-8" standalone="no"?>
<!DOCTYPE log SYSTEM "logger.dtd">
<log>
<record>
  <date>2025-10-27T04:12:49.774520500Z</date>
  <millis>1761538369774</millis>
  <nanos>520500</nanos>
  <sequence>0</sequence>
  <level>START</level>
  <class>com.kms.katalon.core.logging.XmlKeywordLogger</class>
  <method>startSuite</method>
  <thread>1</thread>
  <message>Start Test Suite : Test Suites/TS - Workflow User CRUD</message>
  <nestedLevel>0</nestedLevel>
  <escapedJava>false</escapedJava>
  <property name="rerunTestFailImmediately">true</property>
  <property name="retryCount">3</property>
  <property name="name">TS - Workflow User CRUD</property>
  <property name="description"></property>
  <property name="id">Test Suites/TS - Workflow User CRUD</property>
</record>
<record>
  <date>2025-10-27T04:12:49.832365300Z</date>
  <millis>1761538369832</millis>
  <nanos>365300</nanos>
  <sequence>1</sequence>
  <level>RUN_DATA</level>
  <class>com.kms.katalon.core.logging.XmlKeywordLogger</class>
  <method>logMessage</method>
  <thread>1</thread>
  <message>userFullName = Baby Grooot</message>
  <nestedLevel>0</nestedLevel>
  <escapedJava>false</escapedJava>
  <property name="userFullName">Baby Grooot</property>
</record>
<record>
  <date>2025-10-27T04:12:49.838348600Z</date>
  <millis>1761538369838</millis>
  <nanos>348600</nanos>
  <sequence>2</sequence>
  <level>RUN_DATA</level>
  <class>com.kms.katalon.core.logging.XmlKeywordLogger</class>
  <method>logMessage</method>
  <thread>1</thread>
  <message>projectName = katalon-api-testing</message>
  <nestedLevel>0</nestedLevel>
  <escapedJava>false</escapedJava>
  <property name="projectName">katalon-api-testing</property>
</record>
<record>
  <date>2025-10-27T04:12:49.844336900Z</date>
  <millis>1761538369844</millis>
  <nanos>336900</nanos>
  <sequence>3</sequence>
  <level>RUN_DATA</level>
  <class>com.kms.katalon.core.logging.XmlKeywordLogger</class>
  <method>logMessage</method>
  <thread>1</thread>
  <message>hostName = belajar - DESKTOP-SPLIHBS</message>
  <nestedLevel>0</nestedLevel>
  <escapedJava>false</escapedJava>
  <property name="hostName">belajar - DESKTOP-SPLIHBS</property>
</record>
<record>
  <date>2025-10-27T04:12:49.852313700Z</date>
  <millis>1761538369852</millis>
  <nanos>313700</nanos>
  <sequence>4</sequence>
  <level>RUN_DATA</level>
  <class>com.kms.katalon.core.logging.XmlKeywordLogger</class>
  <method>logMessage</method>
  <thread>1</thread>
  <message>os = Windows 10 64bit</message>
  <nestedLevel>0</nestedLevel>
  <escapedJava>false</escapedJava>
  <property name="os">Windows 10 64bit</property>
</record>
<record>
  <date>2025-10-27T04:12:49.856301500Z</date>
  <millis>1761538369856</millis>
  <nanos>301500</nanos>
  <sequence>5</sequence>
  <level>RUN_DATA</level>
  <class>com.kms.katalon.core.logging.XmlKeywordLogger</class>
  <method>logMessage</method>
  <thread>1</thread>
  <message>hostAddress = 192.168.0.108</message>
  <nestedLevel>0</nestedLevel>
  <escapedJava>false</escapedJava>
  <property name="hostAddress">192.168.0.108</property>
</record>
<record>
  <date>2025-10-27T04:12:49.862286500Z</date>
  <millis>1761538369862</millis>
  <nanos>286500</nanos>
  <sequence>6</sequence>
  <level>RUN_DATA</level>
  <class>com.kms.katalon.core.logging.XmlKeywordLogger</class>
  <method>logMessage</method>
  <thread>1</thread>
  <message>katalonVersion = 10.3.1.0</message>
  <nestedLevel>0</nestedLevel>
  <escapedJava>false</escapedJava>
  <property name="katalonVersion">10.3.1.0</property>
</record>
<record>
  <date>2025-10-27T04:12:51.064210500Z</date>
  <millis>1761538371064</millis>
  <nanos>210500</nanos>
  <sequence>7</sequence>
  <level>START</level>
  <class>com.kms.katalon.core.logging.XmlKeywordLogger</class>
  <method>startTest</method>
  <thread>1</thread>
  <message>Start Test Case : Test Cases/Mock API/TC06-Chain API - Workflow USER CRUD</message>
  <nestedLevel>1</nestedLevel>
  <escapedJava>false</escapedJava>
  <property name="remainingRetryCount">3</property>
  <property name="name">Test Cases/Mock API/TC06-Chain API - Workflow USER CRUD</property>
  <property name="description"></property>
  <property name="iteration"></property>
  <property name="id">Test Cases/Mock API/TC06-Chain API - Workflow USER CRUD</property>
  <property name="source">C:\Users\Baby Groot\Katalon Studio\katalon-api-testing\Test Cases\Mock API\TC06-Chain API - Workflow USER CRUD.tc</property>
  <property name="tag"></property>
  <property name="isOptional">false</property>
  <property name="currentRetryCount">0</property>
</record>
<record>
  <date>2025-10-27T04:12:52.296914400Z</date>
  <millis>1761538372296</millis>
  <nanos>914400</nanos>
  <sequence>9</sequence>
  <level>START</level>
  <class>com.kms.katalon.core.logging.XmlKeywordLogger</class>
  <method>startKeyword</method>
  <thread>1</thread>
  <message>Start action : testFirtsName = &amp;quot;Fitri&amp;quot;</message>
  <nestedLevel>1</nestedLevel>
  <escapedJava>false</escapedJava>
  <property name="startLine">21</property>
  <property name="stepIndex">1</property>
</record>
<record>
  <date>2025-10-27T04:12:52.310878800Z</date>
  <millis>1761538372310</millis>
  <nanos>878800</nanos>
  <sequence>10</sequence>
  <level>END</level>
  <class>com.kms.katalon.core.logging.XmlKeywordLogger</class>
  <method>endKeyword</method>
  <thread>1</thread>
  <message>End action : testFirtsName = &amp;quot;Fitri&amp;quot;</message>
  <nestedLevel>1</nestedLevel>
  <escapedJava>false</escapedJava>
</record>
<record>
  <date>2025-10-27T04:12:52.312872900Z</date>
  <millis>1761538372312</millis>
  <nanos>872900</nanos>
  <sequence>11</sequence>
  <level>START</level>
  <class>com.kms.katalon.core.logging.XmlKeywordLogger</class>
  <method>startKeyword</method>
  <thread>1</thread>
  <message>Start action : testLastName = &amp;quot;Abdillah&amp;quot;</message>
  <nestedLevel>1</nestedLevel>
  <escapedJava>false</escapedJava>
  <property name="startLine">22</property>
  <property name="stepIndex">2</property>
</record>
<record>
  <date>2025-10-27T04:12:52.321849400Z</date>
  <millis>1761538372321</millis>
  <nanos>849400</nanos>
  <sequence>12</sequence>
  <level>END</level>
  <class>com.kms.katalon.core.logging.XmlKeywordLogger</class>
  <method>endKeyword</method>
  <thread>1</thread>
  <message>End action : testLastName = &amp;quot;Abdillah&amp;quot;</message>
  <nestedLevel>1</nestedLevel>
  <escapedJava>false</escapedJava>
</record>
<record>
  <date>2025-10-27T04:12:52.322847300Z</date>
  <millis>1761538372322</millis>
  <nanos>847300</nanos>
  <sequence>13</sequence>
  <level>START</level>
  <class>com.kms.katalon.core.logging.XmlKeywordLogger</class>
  <method>startKeyword</method>
  <thread>1</thread>
  <message>Start action : responsePost = sendRequest(findTestObject(&amp;quot;POST NEW USER&amp;quot;, [&amp;quot;firstname&amp;quot;:testFirtsName, &amp;quot;lastname&amp;quot;:testLastName, &amp;quot;username&amp;quot;:&amp;quot;broot&amp;quot;, &amp;quot;jobposition&amp;quot;:&amp;quot;QAE&amp;quot;, &amp;quot;joblevel&amp;quot;:&amp;quot;Junior&amp;quot;, &amp;quot;salary&amp;quot;:7777777, ... ]))</message>
  <nestedLevel>1</nestedLevel>
  <escapedJava>false</escapedJava>
  <property name="startLine">23</property>
  <property name="stepIndex">3</property>
</record>
<record>
  <date>2025-10-27T04:12:57.200061Z</date>
  <millis>1761538377200</millis>
  <nanos>61000</nanos>
  <sequence>17</sequence>
  <level>INFO</level>
  <class>com.kms.katalon.core.logging.XmlKeywordLogger</class>
  <method>logMessage</method>
  <thread>1</thread>
  <message>HAR: C:\Users\Baby Groot\Katalon Studio\katalon-api-testing\Reports\20251027_111210\TS - Workflow User CRUD\20251027_111214\requests\main\POST-NEW-USER_0.har</message>
  <nestedLevel>1</nestedLevel>
  <escapedJava>false</escapedJava>
  <property name="harId">b79ce2fd-d2b3-476b-abc3-d28733cfe0ff</property>
</record>
<record>
  <date>2025-10-27T04:12:57.381506900Z</date>
  <millis>1761538377381</millis>
  <nanos>506900</nanos>
  <sequence>18</sequence>
  <level>PASSED</level>
  <class>com.kms.katalon.core.logging.XmlKeywordLogger</class>
  <method>logMessage</method>
  <thread>1</thread>
  <message>Send request successfully</message>
  <nestedLevel>1</nestedLevel>
  <escapedJava>false</escapedJava>
  <property name="testops-method-name">com.kms.katalon.core.webservice.keyword.builtin.SendRequestKeyword.sendRequest</property>
  <property name="testops-execution-stacktrace"></property>
</record>
<record>
  <date>2025-10-27T04:12:57.389484900Z</date>
  <millis>1761538377389</millis>
  <nanos>484900</nanos>
  <sequence>19</sequence>
  <level>END</level>
  <class>com.kms.katalon.core.logging.XmlKeywordLogger</class>
  <method>endKeyword</method>
  <thread>1</thread>
  <message>End action : responsePost = sendRequest(findTestObject(&amp;quot;POST NEW USER&amp;quot;, [&amp;quot;firstname&amp;quot;:testFirtsName, &amp;quot;lastname&amp;quot;:testLastName, &amp;quot;username&amp;quot;:&amp;quot;broot&amp;quot;, &amp;quot;jobposition&amp;quot;:&amp;quot;QAE&amp;quot;, &amp;quot;joblevel&amp;quot;:&amp;quot;Junior&amp;quot;, &amp;quot;salary&amp;quot;:7777777, ... ]))</message>
  <nestedLevel>1</nestedLevel>
  <escapedJava>false</escapedJava>
</record>
<record>
  <date>2025-10-27T04:12:57.394471800Z</date>
  <millis>1761538377394</millis>
  <nanos>471800</nanos>
  <sequence>20</sequence>
  <level>START</level>
  <class>com.kms.katalon.core.logging.XmlKeywordLogger</class>
  <method>startKeyword</method>
  <thread>1</thread>
  <message>Start action : userName = getElementPropertyValue(responsePost, &amp;quot;[0].username&amp;quot;)</message>
  <nestedLevel>1</nestedLevel>
  <escapedJava>false</escapedJava>
  <property name="startLine">25</property>
  <property name="stepIndex">4</property>
</record>
<record>
  <date>2025-10-27T04:12:57.572996Z</date>
  <millis>1761538377572</millis>
  <nanos>996000</nanos>
  <sequence>23</sequence>
  <level>END</level>
  <class>com.kms.katalon.core.logging.XmlKeywordLogger</class>
  <method>endKeyword</method>
  <thread>1</thread>
  <message>End action : userName = getElementPropertyValue(responsePost, &amp;quot;[0].username&amp;quot;)</message>
  <nestedLevel>1</nestedLevel>
  <escapedJava>false</escapedJava>
</record>
<record>
  <date>2025-10-27T04:12:57.577303600Z</date>
  <millis>1761538377577</millis>
  <nanos>303600</nanos>
  <sequence>24</sequence>
  <level>START</level>
  <class>com.kms.katalon.core.logging.XmlKeywordLogger</class>
  <method>startKeyword</method>
  <thread>1</thread>
  <message>Start action : jobPosition = getElementPropertyValue(responsePost, &amp;quot;[0].job_position&amp;quot;)</message>
  <nestedLevel>1</nestedLevel>
  <escapedJava>false</escapedJava>
  <property name="startLine">26</property>
  <property name="stepIndex">5</property>
</record>
<record>
  <date>2025-10-27T04:12:57.704176600Z</date>
  <millis>1761538377704</millis>
  <nanos>176600</nanos>
  <sequence>27</sequence>
  <level>END</level>
  <class>com.kms.katalon.core.logging.XmlKeywordLogger</class>
  <method>endKeyword</method>
  <thread>1</thread>
  <message>End action : jobPosition = getElementPropertyValue(responsePost, &amp;quot;[0].job_position&amp;quot;)</message>
  <nestedLevel>1</nestedLevel>
  <escapedJava>false</escapedJava>
</record>
<record>
  <date>2025-10-27T04:12:57.705173700Z</date>
  <millis>1761538377705</millis>
  <nanos>173700</nanos>
  <sequence>28</sequence>
  <level>START</level>
  <class>com.kms.katalon.core.logging.XmlKeywordLogger</class>
  <method>startKeyword</method>
  <thread>1</thread>
  <message>Start action : verifyEqual(userName, &amp;quot;broot&amp;quot;)</message>
  <nestedLevel>1</nestedLevel>
  <escapedJava>false</escapedJava>
  <property name="startLine">28</property>
  <property name="stepIndex">6</property>
</record>
<record>
  <date>2025-10-27T04:12:57.803934500Z</date>
  <millis>1761538377803</millis>
  <nanos>934500</nanos>
  <sequence>31</sequence>
  <level>PASSED</level>
  <class>com.kms.katalon.core.logging.XmlKeywordLogger</class>
  <method>logMessage</method>
  <thread>1</thread>
  <message>Actual object &amp;apos;broot&amp;apos; and expected object &amp;apos;broot&amp;apos; are equal</message>
  <nestedLevel>1</nestedLevel>
  <escapedJava>false</escapedJava>
  <property name="testops-is-assertion">true</property>
  <property name="testops-method-name">com.kms.katalon.core.keyword.builtin.VerifyEqualKeyword.verifyEqual</property>
  <property name="testops-execution-stacktrace"></property>
</record>
<record>
  <date>2025-10-27T04:12:57.812911400Z</date>
  <millis>1761538377812</millis>
  <nanos>911400</nanos>
  <sequence>32</sequence>
  <level>END</level>
  <class>com.kms.katalon.core.logging.XmlKeywordLogger</class>
  <method>endKeyword</method>
  <thread>1</thread>
  <message>End action : verifyEqual(userName, &amp;quot;broot&amp;quot;)</message>
  <nestedLevel>1</nestedLevel>
  <escapedJava>false</escapedJava>
</record>
<record>
  <date>2025-10-27T04:12:57.814905600Z</date>
  <millis>1761538377814</millis>
  <nanos>905600</nanos>
  <sequence>33</sequence>
  <level>START</level>
  <class>com.kms.katalon.core.logging.XmlKeywordLogger</class>
  <method>startKeyword</method>
  <thread>1</thread>
  <message>Start action : assert jobPosition == &amp;quot;QAE&amp;quot;</message>
  <nestedLevel>1</nestedLevel>
  <escapedJava>false</escapedJava>
  <property name="startLine">29</property>
  <property name="stepIndex">7</property>
</record>
<record>
  <date>2025-10-27T04:12:57.833267300Z</date>
  <millis>1761538377833</millis>
  <nanos>267300</nanos>
  <sequence>34</sequence>
  <level>END</level>
  <class>com.kms.katalon.core.logging.XmlKeywordLogger</class>
  <method>endKeyword</method>
  <thread>1</thread>
  <message>End action : assert jobPosition == &amp;quot;QAE&amp;quot;</message>
  <nestedLevel>1</nestedLevel>
  <escapedJava>false</escapedJava>
</record>
<record>
  <date>2025-10-27T04:12:57.834265300Z</date>
  <millis>1761538377834</millis>
  <nanos>265300</nanos>
  <sequence>35</sequence>
  <level>START</level>
  <class>com.kms.katalon.core.logging.XmlKeywordLogger</class>
  <method>startKeyword</method>
  <thread>1</thread>
  <message>Start action : responseAfterPost = sendRequest(findTestObject(&amp;quot;GET SINGLE USER&amp;quot;))</message>
  <nestedLevel>1</nestedLevel>
  <escapedJava>false</escapedJava>
  <property name="startLine">31</property>
  <property name="stepIndex">8</property>
</record>
<record>
  <date>2025-10-27T04:12:58.261495100Z</date>
  <millis>1761538378261</millis>
  <nanos>495100</nanos>
  <sequence>39</sequence>
  <level>INFO</level>
  <class>com.kms.katalon.core.logging.XmlKeywordLogger</class>
  <method>logMessage</method>
  <thread>1</thread>
  <message>HAR: C:\Users\Baby Groot\Katalon Studio\katalon-api-testing\Reports\20251027_111210\TS - Workflow User CRUD\20251027_111214\requests\main\GET-SINGLE-USER_1.har</message>
  <nestedLevel>1</nestedLevel>
  <escapedJava>false</escapedJava>
  <property name="harId">9bbb11dd-2c54-49c6-9908-9498fc9734e0</property>
</record>
<record>
  <date>2025-10-27T04:12:58.273476300Z</date>
  <millis>1761538378273</millis>
  <nanos>476300</nanos>
  <sequence>40</sequence>
  <level>PASSED</level>
  <class>com.kms.katalon.core.logging.XmlKeywordLogger</class>
  <method>logMessage</method>
  <thread>1</thread>
  <message>Send request successfully</message>
  <nestedLevel>1</nestedLevel>
  <escapedJava>false</escapedJava>
  <property name="testops-method-name">com.kms.katalon.core.webservice.keyword.builtin.SendRequestKeyword.sendRequest</property>
  <property name="testops-execution-stacktrace"></property>
</record>
<record>
  <date>2025-10-27T04:12:58.277452200Z</date>
  <millis>1761538378277</millis>
  <nanos>452200</nanos>
  <sequence>41</sequence>
  <level>END</level>
  <class>com.kms.katalon.core.logging.XmlKeywordLogger</class>
  <method>endKeyword</method>
  <thread>1</thread>
  <message>End action : responseAfterPost = sendRequest(findTestObject(&amp;quot;GET SINGLE USER&amp;quot;))</message>
  <nestedLevel>1</nestedLevel>
  <escapedJava>false</escapedJava>
</record>
<record>
  <date>2025-10-27T04:12:58.282439500Z</date>
  <millis>1761538378282</millis>
  <nanos>439500</nanos>
  <sequence>42</sequence>
  <level>START</level>
  <class>com.kms.katalon.core.logging.XmlKeywordLogger</class>
  <method>startKeyword</method>
  <thread>1</thread>
  <message>Start action : firtsNameAfterPost = getElementPropertyValue(responseAfterPost, &amp;quot;[0].first_name&amp;quot;)</message>
  <nestedLevel>1</nestedLevel>
  <escapedJava>false</escapedJava>
  <property name="startLine">33</property>
  <property name="stepIndex">9</property>
</record>
<record>
  <date>2025-10-27T04:12:58.358236400Z</date>
  <millis>1761538378358</millis>
  <nanos>236400</nanos>
  <sequence>45</sequence>
  <level>END</level>
  <class>com.kms.katalon.core.logging.XmlKeywordLogger</class>
  <method>endKeyword</method>
  <thread>1</thread>
  <message>End action : firtsNameAfterPost = getElementPropertyValue(responseAfterPost, &amp;quot;[0].first_name&amp;quot;)</message>
  <nestedLevel>1</nestedLevel>
  <escapedJava>false</escapedJava>
</record>
<record>
  <date>2025-10-27T04:12:58.359234300Z</date>
  <millis>1761538378359</millis>
  <nanos>234300</nanos>
  <sequence>46</sequence>
  <level>START</level>
  <class>com.kms.katalon.core.logging.XmlKeywordLogger</class>
  <method>startKeyword</method>
  <thread>1</thread>
  <message>Start action : lastNameAfterPost = getElementPropertyValue(responseAfterPost, &amp;quot;[0].last_name&amp;quot;)</message>
  <nestedLevel>1</nestedLevel>
  <escapedJava>false</escapedJava>
  <property name="startLine">34</property>
  <property name="stepIndex">10</property>
</record>
<record>
  <date>2025-10-27T04:12:58.430043700Z</date>
  <millis>1761538378430</millis>
  <nanos>43700</nanos>
  <sequence>49</sequence>
  <level>END</level>
  <class>com.kms.katalon.core.logging.XmlKeywordLogger</class>
  <method>endKeyword</method>
  <thread>1</thread>
  <message>End action : lastNameAfterPost = getElementPropertyValue(responseAfterPost, &amp;quot;[0].last_name&amp;quot;)</message>
  <nestedLevel>1</nestedLevel>
  <escapedJava>false</escapedJava>
</record>
<record>
  <date>2025-10-27T04:12:58.431041800Z</date>
  <millis>1761538378431</millis>
  <nanos>41800</nanos>
  <sequence>50</sequence>
  <level>START</level>
  <class>com.kms.katalon.core.logging.XmlKeywordLogger</class>
  <method>startKeyword</method>
  <thread>1</thread>
  <message>Start action : workDurationAfterPost = getElementPropertyValue(responseAfterPost, &amp;quot;[0].work_duration&amp;quot;)</message>
  <nestedLevel>1</nestedLevel>
  <escapedJava>false</escapedJava>
  <property name="startLine">35</property>
  <property name="stepIndex">11</property>
</record>
<record>
  <date>2025-10-27T04:12:58.493872800Z</date>
  <millis>1761538378493</millis>
  <nanos>872800</nanos>
  <sequence>53</sequence>
  <level>END</level>
  <class>com.kms.katalon.core.logging.XmlKeywordLogger</class>
  <method>endKeyword</method>
  <thread>1</thread>
  <message>End action : workDurationAfterPost = getElementPropertyValue(responseAfterPost, &amp;quot;[0].work_duration&amp;quot;)</message>
  <nestedLevel>1</nestedLevel>
  <escapedJava>false</escapedJava>
</record>
<record>
  <date>2025-10-27T04:12:58.494871Z</date>
  <millis>1761538378494</millis>
  <nanos>871000</nanos>
  <sequence>54</sequence>
  <level>START</level>
  <class>com.kms.katalon.core.logging.XmlKeywordLogger</class>
  <method>startKeyword</method>
  <thread>1</thread>
  <message>Start action : verifyEqual(firtsNameAfterPost, testFirtsName)</message>
  <nestedLevel>1</nestedLevel>
  <escapedJava>false</escapedJava>
  <property name="startLine">37</property>
  <property name="stepIndex">12</property>
</record>
<record>
  <date>2025-10-27T04:12:58.500853900Z</date>
  <millis>1761538378500</millis>
  <nanos>853900</nanos>
  <sequence>57</sequence>
  <level>PASSED</level>
  <class>com.kms.katalon.core.logging.XmlKeywordLogger</class>
  <method>logMessage</method>
  <thread>1</thread>
  <message>Actual object &amp;apos;Fitri&amp;apos; and expected object &amp;apos;Fitri&amp;apos; are equal</message>
  <nestedLevel>1</nestedLevel>
  <escapedJava>false</escapedJava>
  <property name="testops-is-assertion">true</property>
  <property name="testops-method-name">com.kms.katalon.core.keyword.builtin.VerifyEqualKeyword.verifyEqual</property>
  <property name="testops-execution-stacktrace"></property>
</record>
<record>
  <date>2025-10-27T04:12:58.502850500Z</date>
  <millis>1761538378502</millis>
  <nanos>850500</nanos>
  <sequence>58</sequence>
  <level>END</level>
  <class>com.kms.katalon.core.logging.XmlKeywordLogger</class>
  <method>endKeyword</method>
  <thread>1</thread>
  <message>End action : verifyEqual(firtsNameAfterPost, testFirtsName)</message>
  <nestedLevel>1</nestedLevel>
  <escapedJava>false</escapedJava>
</record>
<record>
  <date>2025-10-27T04:12:58.504006200Z</date>
  <millis>1761538378504</millis>
  <nanos>6200</nanos>
  <sequence>59</sequence>
  <level>START</level>
  <class>com.kms.katalon.core.logging.XmlKeywordLogger</class>
  <method>startKeyword</method>
  <thread>1</thread>
  <message>Start action : verifyEqual(lastNameAfterPost, testLastName)</message>
  <nestedLevel>1</nestedLevel>
  <escapedJava>false</escapedJava>
  <property name="startLine">38</property>
  <property name="stepIndex">13</property>
</record>
<record>
  <date>2025-10-27T04:12:58.509831400Z</date>
  <millis>1761538378509</millis>
  <nanos>831400</nanos>
  <sequence>62</sequence>
  <level>PASSED</level>
  <class>com.kms.katalon.core.logging.XmlKeywordLogger</class>
  <method>logMessage</method>
  <thread>1</thread>
  <message>Actual object &amp;apos;Abdillah&amp;apos; and expected object &amp;apos;Abdillah&amp;apos; are equal</message>
  <nestedLevel>1</nestedLevel>
  <escapedJava>false</escapedJava>
  <property name="testops-is-assertion">true</property>
  <property name="testops-method-name">com.kms.katalon.core.keyword.builtin.VerifyEqualKeyword.verifyEqual</property>
  <property name="testops-execution-stacktrace"></property>
</record>
<record>
  <date>2025-10-27T04:12:58.517808700Z</date>
  <millis>1761538378517</millis>
  <nanos>808700</nanos>
  <sequence>63</sequence>
  <level>END</level>
  <class>com.kms.katalon.core.logging.XmlKeywordLogger</class>
  <method>endKeyword</method>
  <thread>1</thread>
  <message>End action : verifyEqual(lastNameAfterPost, testLastName)</message>
  <nestedLevel>1</nestedLevel>
  <escapedJava>false</escapedJava>
</record>
<record>
  <date>2025-10-27T04:12:58.519803400Z</date>
  <millis>1761538378519</millis>
  <nanos>803400</nanos>
  <sequence>64</sequence>
  <level>START</level>
  <class>com.kms.katalon.core.logging.XmlKeywordLogger</class>
  <method>startKeyword</method>
  <thread>1</thread>
  <message>Start action : assert workDurationAfterPost == 2</message>
  <nestedLevel>1</nestedLevel>
  <escapedJava>false</escapedJava>
  <property name="startLine">39</property>
  <property name="stepIndex">14</property>
</record>
<record>
  <date>2025-10-27T04:12:58.527783100Z</date>
  <millis>1761538378527</millis>
  <nanos>783100</nanos>
  <sequence>65</sequence>
  <level>END</level>
  <class>com.kms.katalon.core.logging.XmlKeywordLogger</class>
  <method>endKeyword</method>
  <thread>1</thread>
  <message>End action : assert workDurationAfterPost == 2</message>
  <nestedLevel>1</nestedLevel>
  <escapedJava>false</escapedJava>
</record>
<record>
  <date>2025-10-27T04:12:58.528779500Z</date>
  <millis>1761538378528</millis>
  <nanos>779500</nanos>
  <sequence>66</sequence>
  <level>START</level>
  <class>com.kms.katalon.core.logging.XmlKeywordLogger</class>
  <method>startKeyword</method>
  <thread>1</thread>
  <message>Start action : responsePatch = sendRequest(findTestObject(&amp;quot;PATCH A USER&amp;quot;, [&amp;quot;jobposition&amp;quot;:&amp;quot;Senior QA Engineer&amp;quot;, &amp;quot;salary&amp;quot;:8888888]))</message>
  <nestedLevel>1</nestedLevel>
  <escapedJava>false</escapedJava>
  <property name="startLine">41</property>
  <property name="stepIndex">15</property>
</record>
<record>
  <date>2025-10-27T04:12:58.988551900Z</date>
  <millis>1761538378988</millis>
  <nanos>551900</nanos>
  <sequence>70</sequence>
  <level>INFO</level>
  <class>com.kms.katalon.core.logging.XmlKeywordLogger</class>
  <method>logMessage</method>
  <thread>1</thread>
  <message>HAR: C:\Users\Baby Groot\Katalon Studio\katalon-api-testing\Reports\20251027_111210\TS - Workflow User CRUD\20251027_111214\requests\main\PATCH-A-USER_2.har</message>
  <nestedLevel>1</nestedLevel>
  <escapedJava>false</escapedJava>
  <property name="harId">caeefc0a-ef48-4b84-8831-7626ea270aef</property>
</record>
<record>
  <date>2025-10-27T04:12:59.004508100Z</date>
  <millis>1761538379004</millis>
  <nanos>508100</nanos>
  <sequence>71</sequence>
  <level>PASSED</level>
  <class>com.kms.katalon.core.logging.XmlKeywordLogger</class>
  <method>logMessage</method>
  <thread>1</thread>
  <message>Send request successfully</message>
  <nestedLevel>1</nestedLevel>
  <escapedJava>false</escapedJava>
  <property name="testops-method-name">com.kms.katalon.core.webservice.keyword.builtin.SendRequestKeyword.sendRequest</property>
  <property name="testops-execution-stacktrace"></property>
</record>
<record>
  <date>2025-10-27T04:12:59.008497500Z</date>
  <millis>1761538379008</millis>
  <nanos>497500</nanos>
  <sequence>72</sequence>
  <level>END</level>
  <class>com.kms.katalon.core.logging.XmlKeywordLogger</class>
  <method>endKeyword</method>
  <thread>1</thread>
  <message>End action : responsePatch = sendRequest(findTestObject(&amp;quot;PATCH A USER&amp;quot;, [&amp;quot;jobposition&amp;quot;:&amp;quot;Senior QA Engineer&amp;quot;, &amp;quot;salary&amp;quot;:8888888]))</message>
  <nestedLevel>1</nestedLevel>
  <escapedJava>false</escapedJava>
</record>
<record>
  <date>2025-10-27T04:12:59.010494200Z</date>
  <millis>1761538379010</millis>
  <nanos>494200</nanos>
  <sequence>73</sequence>
  <level>START</level>
  <class>com.kms.katalon.core.logging.XmlKeywordLogger</class>
  <method>startKeyword</method>
  <thread>1</thread>
  <message>Start action : userNamePatch = getElementPropertyValue(responsePatch, &amp;quot;[0].username&amp;quot;)</message>
  <nestedLevel>1</nestedLevel>
  <escapedJava>false</escapedJava>
  <property name="startLine">43</property>
  <property name="stepIndex">16</property>
</record>
<record>
  <date>2025-10-27T04:12:59.120199300Z</date>
  <millis>1761538379120</millis>
  <nanos>199300</nanos>
  <sequence>76</sequence>
  <level>END</level>
  <class>com.kms.katalon.core.logging.XmlKeywordLogger</class>
  <method>endKeyword</method>
  <thread>1</thread>
  <message>End action : userNamePatch = getElementPropertyValue(responsePatch, &amp;quot;[0].username&amp;quot;)</message>
  <nestedLevel>1</nestedLevel>
  <escapedJava>false</escapedJava>
</record>
<record>
  <date>2025-10-27T04:12:59.122194100Z</date>
  <millis>1761538379122</millis>
  <nanos>194100</nanos>
  <sequence>77</sequence>
  <level>START</level>
  <class>com.kms.katalon.core.logging.XmlKeywordLogger</class>
  <method>startKeyword</method>
  <thread>1</thread>
  <message>Start action : jobPositionPatch = getElementPropertyValue(responsePatch, &amp;quot;[0].job_position&amp;quot;)</message>
  <nestedLevel>1</nestedLevel>
  <escapedJava>false</escapedJava>
  <property name="startLine">44</property>
  <property name="stepIndex">17</property>
</record>
<record>
  <date>2025-10-27T04:12:59.226913200Z</date>
  <millis>1761538379226</millis>
  <nanos>913200</nanos>
  <sequence>80</sequence>
  <level>END</level>
  <class>com.kms.katalon.core.logging.XmlKeywordLogger</class>
  <method>endKeyword</method>
  <thread>1</thread>
  <message>End action : jobPositionPatch = getElementPropertyValue(responsePatch, &amp;quot;[0].job_position&amp;quot;)</message>
  <nestedLevel>1</nestedLevel>
  <escapedJava>false</escapedJava>
</record>
<record>
  <date>2025-10-27T04:12:59.227935600Z</date>
  <millis>1761538379227</millis>
  <nanos>935600</nanos>
  <sequence>81</sequence>
  <level>START</level>
  <class>com.kms.katalon.core.logging.XmlKeywordLogger</class>
  <method>startKeyword</method>
  <thread>1</thread>
  <message>Start action : SalaryPatch = getElementPropertyValue(responsePatch, &amp;quot;[0].salary&amp;quot;)</message>
  <nestedLevel>1</nestedLevel>
  <escapedJava>false</escapedJava>
  <property name="startLine">45</property>
  <property name="stepIndex">18</property>
</record>
<record>
  <date>2025-10-27T04:12:59.309692800Z</date>
  <millis>1761538379309</millis>
  <nanos>692800</nanos>
  <sequence>84</sequence>
  <level>END</level>
  <class>com.kms.katalon.core.logging.XmlKeywordLogger</class>
  <method>endKeyword</method>
  <thread>1</thread>
  <message>End action : SalaryPatch = getElementPropertyValue(responsePatch, &amp;quot;[0].salary&amp;quot;)</message>
  <nestedLevel>1</nestedLevel>
  <escapedJava>false</escapedJava>
</record>
<record>
  <date>2025-10-27T04:12:59.310690500Z</date>
  <millis>1761538379310</millis>
  <nanos>690500</nanos>
  <sequence>85</sequence>
  <level>START</level>
  <class>com.kms.katalon.core.logging.XmlKeywordLogger</class>
  <method>startKeyword</method>
  <thread>1</thread>
  <message>Start action : verifyEqual(userNamePatch, &amp;quot;broot&amp;quot;)</message>
  <nestedLevel>1</nestedLevel>
  <escapedJava>false</escapedJava>
  <property name="startLine">47</property>
  <property name="stepIndex">19</property>
</record>
<record>
  <date>2025-10-27T04:12:59.316674400Z</date>
  <millis>1761538379316</millis>
  <nanos>674400</nanos>
  <sequence>88</sequence>
  <level>PASSED</level>
  <class>com.kms.katalon.core.logging.XmlKeywordLogger</class>
  <method>logMessage</method>
  <thread>1</thread>
  <message>Actual object &amp;apos;broot&amp;apos; and expected object &amp;apos;broot&amp;apos; are equal</message>
  <nestedLevel>1</nestedLevel>
  <escapedJava>false</escapedJava>
  <property name="testops-is-assertion">true</property>
  <property name="testops-method-name">com.kms.katalon.core.keyword.builtin.VerifyEqualKeyword.verifyEqual</property>
  <property name="testops-execution-stacktrace"></property>
</record>
<record>
  <date>2025-10-27T04:12:59.323655500Z</date>
  <millis>1761538379323</millis>
  <nanos>655500</nanos>
  <sequence>89</sequence>
  <level>END</level>
  <class>com.kms.katalon.core.logging.XmlKeywordLogger</class>
  <method>endKeyword</method>
  <thread>1</thread>
  <message>End action : verifyEqual(userNamePatch, &amp;quot;broot&amp;quot;)</message>
  <nestedLevel>1</nestedLevel>
  <escapedJava>false</escapedJava>
</record>
<record>
  <date>2025-10-27T04:12:59.324653800Z</date>
  <millis>1761538379324</millis>
  <nanos>653800</nanos>
  <sequence>90</sequence>
  <level>START</level>
  <class>com.kms.katalon.core.logging.XmlKeywordLogger</class>
  <method>startKeyword</method>
  <thread>1</thread>
  <message>Start action : verifyMatch(jobPositionPatch, &amp;quot;Senior QA Engineer&amp;quot;, false)</message>
  <nestedLevel>1</nestedLevel>
  <escapedJava>false</escapedJava>
  <property name="startLine">48</property>
  <property name="stepIndex">20</property>
</record>
<record>
  <date>2025-10-27T04:12:59.353574800Z</date>
  <millis>1761538379353</millis>
  <nanos>574800</nanos>
  <sequence>93</sequence>
  <level>PASSED</level>
  <class>com.kms.katalon.core.logging.XmlKeywordLogger</class>
  <method>logMessage</method>
  <thread>1</thread>
  <message>Actual text &amp;apos;Senior QA Engineer&amp;apos; and expected text &amp;apos;Senior QA Engineer&amp;apos; are matched </message>
  <nestedLevel>1</nestedLevel>
  <escapedJava>false</escapedJava>
  <property name="testops-is-assertion">true</property>
  <property name="testops-method-name">com.kms.katalon.core.keyword.builtin.VerifyMatchKeyword.verifyMatch</property>
  <property name="testops-execution-stacktrace"></property>
</record>
<record>
  <date>2025-10-27T04:12:59.357660800Z</date>
  <millis>1761538379357</millis>
  <nanos>660800</nanos>
  <sequence>94</sequence>
  <level>END</level>
  <class>com.kms.katalon.core.logging.XmlKeywordLogger</class>
  <method>endKeyword</method>
  <thread>1</thread>
  <message>End action : verifyMatch(jobPositionPatch, &amp;quot;Senior QA Engineer&amp;quot;, false)</message>
  <nestedLevel>1</nestedLevel>
  <escapedJava>false</escapedJava>
</record>
<record>
  <date>2025-10-27T04:12:59.358764700Z</date>
  <millis>1761538379358</millis>
  <nanos>764700</nanos>
  <sequence>95</sequence>
  <level>START</level>
  <class>com.kms.katalon.core.logging.XmlKeywordLogger</class>
  <method>startKeyword</method>
  <thread>1</thread>
  <message>Start action : assert SalaryPatch == 8888888</message>
  <nestedLevel>1</nestedLevel>
  <escapedJava>false</escapedJava>
  <property name="startLine">49</property>
  <property name="stepIndex">21</property>
</record>
<record>
  <date>2025-10-27T04:12:59.363709200Z</date>
  <millis>1761538379363</millis>
  <nanos>709200</nanos>
  <sequence>96</sequence>
  <level>END</level>
  <class>com.kms.katalon.core.logging.XmlKeywordLogger</class>
  <method>endKeyword</method>
  <thread>1</thread>
  <message>End action : assert SalaryPatch == 8888888</message>
  <nestedLevel>1</nestedLevel>
  <escapedJava>false</escapedJava>
</record>
<record>
  <date>2025-10-27T04:12:59.365543600Z</date>
  <millis>1761538379365</millis>
  <nanos>543600</nanos>
  <sequence>97</sequence>
  <level>START</level>
  <class>com.kms.katalon.core.logging.XmlKeywordLogger</class>
  <method>startKeyword</method>
  <thread>1</thread>
  <message>Start action : responseAfterPatch = sendRequest(findTestObject(&amp;quot;GET SINGLE USER&amp;quot;))</message>
  <nestedLevel>1</nestedLevel>
  <escapedJava>false</escapedJava>
  <property name="startLine">51</property>
  <property name="stepIndex">22</property>
</record>
<record>
  <date>2025-10-27T04:12:59.774278300Z</date>
  <millis>1761538379774</millis>
  <nanos>278300</nanos>
  <sequence>101</sequence>
  <level>INFO</level>
  <class>com.kms.katalon.core.logging.XmlKeywordLogger</class>
  <method>logMessage</method>
  <thread>1</thread>
  <message>HAR: C:\Users\Baby Groot\Katalon Studio\katalon-api-testing\Reports\20251027_111210\TS - Workflow User CRUD\20251027_111214\requests\main\GET-SINGLE-USER_3.har</message>
  <nestedLevel>1</nestedLevel>
  <escapedJava>false</escapedJava>
  <property name="harId">13ef855d-8cac-4b68-99ad-8cc62a235942</property>
</record>
<record>
  <date>2025-10-27T04:12:59.782259800Z</date>
  <millis>1761538379782</millis>
  <nanos>259800</nanos>
  <sequence>102</sequence>
  <level>PASSED</level>
  <class>com.kms.katalon.core.logging.XmlKeywordLogger</class>
  <method>logMessage</method>
  <thread>1</thread>
  <message>Send request successfully</message>
  <nestedLevel>1</nestedLevel>
  <escapedJava>false</escapedJava>
  <property name="testops-method-name">com.kms.katalon.core.webservice.keyword.builtin.SendRequestKeyword.sendRequest</property>
  <property name="testops-execution-stacktrace"></property>
</record>
<record>
  <date>2025-10-27T04:12:59.789240200Z</date>
  <millis>1761538379789</millis>
  <nanos>240200</nanos>
  <sequence>103</sequence>
  <level>END</level>
  <class>com.kms.katalon.core.logging.XmlKeywordLogger</class>
  <method>endKeyword</method>
  <thread>1</thread>
  <message>End action : responseAfterPatch = sendRequest(findTestObject(&amp;quot;GET SINGLE USER&amp;quot;))</message>
  <nestedLevel>1</nestedLevel>
  <escapedJava>false</escapedJava>
</record>
<record>
  <date>2025-10-27T04:12:59.791234300Z</date>
  <millis>1761538379791</millis>
  <nanos>234300</nanos>
  <sequence>104</sequence>
  <level>START</level>
  <class>com.kms.katalon.core.logging.XmlKeywordLogger</class>
  <method>startKeyword</method>
  <thread>1</thread>
  <message>Start action : userNameAfterPatch = getElementPropertyValue(responseAfterPatch, &amp;quot;[0].username&amp;quot;)</message>
  <nestedLevel>1</nestedLevel>
  <escapedJava>false</escapedJava>
  <property name="startLine">53</property>
  <property name="stepIndex">23</property>
</record>
<record>
  <date>2025-10-27T04:12:59.910910800Z</date>
  <millis>1761538379910</millis>
  <nanos>910800</nanos>
  <sequence>107</sequence>
  <level>END</level>
  <class>com.kms.katalon.core.logging.XmlKeywordLogger</class>
  <method>endKeyword</method>
  <thread>1</thread>
  <message>End action : userNameAfterPatch = getElementPropertyValue(responseAfterPatch, &amp;quot;[0].username&amp;quot;)</message>
  <nestedLevel>1</nestedLevel>
  <escapedJava>false</escapedJava>
</record>
<record>
  <date>2025-10-27T04:12:59.911908800Z</date>
  <millis>1761538379911</millis>
  <nanos>908800</nanos>
  <sequence>108</sequence>
  <level>START</level>
  <class>com.kms.katalon.core.logging.XmlKeywordLogger</class>
  <method>startKeyword</method>
  <thread>1</thread>
  <message>Start action : firtsNameAfterPatch = getElementPropertyValue(responseAfterPatch, &amp;quot;[0].first_name&amp;quot;)</message>
  <nestedLevel>1</nestedLevel>
  <escapedJava>false</escapedJava>
  <property name="startLine">54</property>
  <property name="stepIndex">24</property>
</record>
<record>
  <date>2025-10-27T04:12:59.978031600Z</date>
  <millis>1761538379978</millis>
  <nanos>31600</nanos>
  <sequence>111</sequence>
  <level>END</level>
  <class>com.kms.katalon.core.logging.XmlKeywordLogger</class>
  <method>endKeyword</method>
  <thread>1</thread>
  <message>End action : firtsNameAfterPatch = getElementPropertyValue(responseAfterPatch, &amp;quot;[0].first_name&amp;quot;)</message>
  <nestedLevel>1</nestedLevel>
  <escapedJava>false</escapedJava>
</record>
<record>
  <date>2025-10-27T04:12:59.978730200Z</date>
  <millis>1761538379978</millis>
  <nanos>730200</nanos>
  <sequence>112</sequence>
  <level>START</level>
  <class>com.kms.katalon.core.logging.XmlKeywordLogger</class>
  <method>startKeyword</method>
  <thread>1</thread>
  <message>Start action : lastNameAfterPatch = getElementPropertyValue(responseAfterPatch, &amp;quot;[0].last_name&amp;quot;)</message>
  <nestedLevel>1</nestedLevel>
  <escapedJava>false</escapedJava>
  <property name="startLine">55</property>
  <property name="stepIndex">25</property>
</record>
<record>
  <date>2025-10-27T04:13:00.068489Z</date>
  <millis>1761538380068</millis>
  <nanos>489000</nanos>
  <sequence>115</sequence>
  <level>END</level>
  <class>com.kms.katalon.core.logging.XmlKeywordLogger</class>
  <method>endKeyword</method>
  <thread>1</thread>
  <message>End action : lastNameAfterPatch = getElementPropertyValue(responseAfterPatch, &amp;quot;[0].last_name&amp;quot;)</message>
  <nestedLevel>1</nestedLevel>
  <escapedJava>false</escapedJava>
</record>
<record>
  <date>2025-10-27T04:13:00.089433400Z</date>
  <millis>1761538380089</millis>
  <nanos>433400</nanos>
  <sequence>116</sequence>
  <level>START</level>
  <class>com.kms.katalon.core.logging.XmlKeywordLogger</class>
  <method>startKeyword</method>
  <thread>1</thread>
  <message>Start action : jobPositionAfterPatch = getElementPropertyValue(responseAfterPatch, &amp;quot;[0].job_position&amp;quot;)</message>
  <nestedLevel>1</nestedLevel>
  <escapedJava>false</escapedJava>
  <property name="startLine">56</property>
  <property name="stepIndex">26</property>
</record>
<record>
  <date>2025-10-27T04:13:00.178200600Z</date>
  <millis>1761538380178</millis>
  <nanos>200600</nanos>
  <sequence>119</sequence>
  <level>END</level>
  <class>com.kms.katalon.core.logging.XmlKeywordLogger</class>
  <method>endKeyword</method>
  <thread>1</thread>
  <message>End action : jobPositionAfterPatch = getElementPropertyValue(responseAfterPatch, &amp;quot;[0].job_position&amp;quot;)</message>
  <nestedLevel>1</nestedLevel>
  <escapedJava>false</escapedJava>
</record>
<record>
  <date>2025-10-27T04:13:00.179194400Z</date>
  <millis>1761538380179</millis>
  <nanos>194400</nanos>
  <sequence>120</sequence>
  <level>START</level>
  <class>com.kms.katalon.core.logging.XmlKeywordLogger</class>
  <method>startKeyword</method>
  <thread>1</thread>
  <message>Start action : SalaryAfterPatch = getElementPropertyValue(responseAfterPatch, &amp;quot;[0].salary&amp;quot;)</message>
  <nestedLevel>1</nestedLevel>
  <escapedJava>false</escapedJava>
  <property name="startLine">57</property>
  <property name="stepIndex">27</property>
</record>
<record>
  <date>2025-10-27T04:13:00.249236Z</date>
  <millis>1761538380249</millis>
  <nanos>236000</nanos>
  <sequence>123</sequence>
  <level>END</level>
  <class>com.kms.katalon.core.logging.XmlKeywordLogger</class>
  <method>endKeyword</method>
  <thread>1</thread>
  <message>End action : SalaryAfterPatch = getElementPropertyValue(responseAfterPatch, &amp;quot;[0].salary&amp;quot;)</message>
  <nestedLevel>1</nestedLevel>
  <escapedJava>false</escapedJava>
</record>
<record>
  <date>2025-10-27T04:13:00.251000600Z</date>
  <millis>1761538380251</millis>
  <nanos>600</nanos>
  <sequence>124</sequence>
  <level>START</level>
  <class>com.kms.katalon.core.logging.XmlKeywordLogger</class>
  <method>startKeyword</method>
  <thread>1</thread>
  <message>Start action : verifyEqual(userNameAfterPatch, &amp;quot;broot&amp;quot;)</message>
  <nestedLevel>1</nestedLevel>
  <escapedJava>false</escapedJava>
  <property name="startLine">59</property>
  <property name="stepIndex">28</property>
</record>
<record>
  <date>2025-10-27T04:13:00.257982100Z</date>
  <millis>1761538380257</millis>
  <nanos>982100</nanos>
  <sequence>127</sequence>
  <level>PASSED</level>
  <class>com.kms.katalon.core.logging.XmlKeywordLogger</class>
  <method>logMessage</method>
  <thread>1</thread>
  <message>Actual object &amp;apos;broot&amp;apos; and expected object &amp;apos;broot&amp;apos; are equal</message>
  <nestedLevel>1</nestedLevel>
  <escapedJava>false</escapedJava>
  <property name="testops-is-assertion">true</property>
  <property name="testops-method-name">com.kms.katalon.core.keyword.builtin.VerifyEqualKeyword.verifyEqual</property>
  <property name="testops-execution-stacktrace"></property>
</record>
<record>
  <date>2025-10-27T04:13:00.261664600Z</date>
  <millis>1761538380261</millis>
  <nanos>664600</nanos>
  <sequence>128</sequence>
  <level>END</level>
  <class>com.kms.katalon.core.logging.XmlKeywordLogger</class>
  <method>endKeyword</method>
  <thread>1</thread>
  <message>End action : verifyEqual(userNameAfterPatch, &amp;quot;broot&amp;quot;)</message>
  <nestedLevel>1</nestedLevel>
  <escapedJava>false</escapedJava>
</record>
<record>
  <date>2025-10-27T04:13:00.262969700Z</date>
  <millis>1761538380262</millis>
  <nanos>969700</nanos>
  <sequence>129</sequence>
  <level>START</level>
  <class>com.kms.katalon.core.logging.XmlKeywordLogger</class>
  <method>startKeyword</method>
  <thread>1</thread>
  <message>Start action : verifyEqual(firtsNameAfterPatch, testFirtsName)</message>
  <nestedLevel>1</nestedLevel>
  <escapedJava>false</escapedJava>
  <property name="startLine">60</property>
  <property name="stepIndex">29</property>
</record>
<record>
  <date>2025-10-27T04:13:00.267956300Z</date>
  <millis>1761538380267</millis>
  <nanos>956300</nanos>
  <sequence>132</sequence>
  <level>PASSED</level>
  <class>com.kms.katalon.core.logging.XmlKeywordLogger</class>
  <method>logMessage</method>
  <thread>1</thread>
  <message>Actual object &amp;apos;Fitri&amp;apos; and expected object &amp;apos;Fitri&amp;apos; are equal</message>
  <nestedLevel>1</nestedLevel>
  <escapedJava>false</escapedJava>
  <property name="testops-is-assertion">true</property>
  <property name="testops-method-name">com.kms.katalon.core.keyword.builtin.VerifyEqualKeyword.verifyEqual</property>
  <property name="testops-execution-stacktrace"></property>
</record>
<record>
  <date>2025-10-27T04:13:00.271947100Z</date>
  <millis>1761538380271</millis>
  <nanos>947100</nanos>
  <sequence>133</sequence>
  <level>END</level>
  <class>com.kms.katalon.core.logging.XmlKeywordLogger</class>
  <method>endKeyword</method>
  <thread>1</thread>
  <message>End action : verifyEqual(firtsNameAfterPatch, testFirtsName)</message>
  <nestedLevel>1</nestedLevel>
  <escapedJava>false</escapedJava>
</record>
<record>
  <date>2025-10-27T04:13:00.276934900Z</date>
  <millis>1761538380276</millis>
  <nanos>934900</nanos>
  <sequence>134</sequence>
  <level>START</level>
  <class>com.kms.katalon.core.logging.XmlKeywordLogger</class>
  <method>startKeyword</method>
  <thread>1</thread>
  <message>Start action : verifyEqual(lastNameAfterPatch, testLastName)</message>
  <nestedLevel>1</nestedLevel>
  <escapedJava>false</escapedJava>
  <property name="startLine">61</property>
  <property name="stepIndex">30</property>
</record>
<record>
  <date>2025-10-27T04:13:00.289899Z</date>
  <millis>1761538380289</millis>
  <nanos>899000</nanos>
  <sequence>137</sequence>
  <level>PASSED</level>
  <class>com.kms.katalon.core.logging.XmlKeywordLogger</class>
  <method>logMessage</method>
  <thread>1</thread>
  <message>Actual object &amp;apos;Abdillah&amp;apos; and expected object &amp;apos;Abdillah&amp;apos; are equal</message>
  <nestedLevel>1</nestedLevel>
  <escapedJava>false</escapedJava>
  <property name="testops-is-assertion">true</property>
  <property name="testops-method-name">com.kms.katalon.core.keyword.builtin.VerifyEqualKeyword.verifyEqual</property>
  <property name="testops-execution-stacktrace"></property>
</record>
<record>
  <date>2025-10-27T04:13:00.296880400Z</date>
  <millis>1761538380296</millis>
  <nanos>880400</nanos>
  <sequence>138</sequence>
  <level>END</level>
  <class>com.kms.katalon.core.logging.XmlKeywordLogger</class>
  <method>endKeyword</method>
  <thread>1</thread>
  <message>End action : verifyEqual(lastNameAfterPatch, testLastName)</message>
  <nestedLevel>1</nestedLevel>
  <escapedJava>false</escapedJava>
</record>
<record>
  <date>2025-10-27T04:13:00.297876900Z</date>
  <millis>1761538380297</millis>
  <nanos>876900</nanos>
  <sequence>139</sequence>
  <level>START</level>
  <class>com.kms.katalon.core.logging.XmlKeywordLogger</class>
  <method>startKeyword</method>
  <thread>1</thread>
  <message>Start action : verifyMatch(jobPositionAfterPatch, &amp;quot;Senior QA Engineer&amp;quot;, false)</message>
  <nestedLevel>1</nestedLevel>
  <escapedJava>false</escapedJava>
  <property name="startLine">62</property>
  <property name="stepIndex">31</property>
</record>
<record>
  <date>2025-10-27T04:13:00.304857700Z</date>
  <millis>1761538380304</millis>
  <nanos>857700</nanos>
  <sequence>142</sequence>
  <level>PASSED</level>
  <class>com.kms.katalon.core.logging.XmlKeywordLogger</class>
  <method>logMessage</method>
  <thread>1</thread>
  <message>Actual text &amp;apos;Senior QA Engineer&amp;apos; and expected text &amp;apos;Senior QA Engineer&amp;apos; are matched </message>
  <nestedLevel>1</nestedLevel>
  <escapedJava>false</escapedJava>
  <property name="testops-is-assertion">true</property>
  <property name="testops-method-name">com.kms.katalon.core.keyword.builtin.VerifyMatchKeyword.verifyMatch</property>
  <property name="testops-execution-stacktrace"></property>
</record>
<record>
  <date>2025-10-27T04:13:00.307850200Z</date>
  <millis>1761538380307</millis>
  <nanos>850200</nanos>
  <sequence>143</sequence>
  <level>END</level>
  <class>com.kms.katalon.core.logging.XmlKeywordLogger</class>
  <method>endKeyword</method>
  <thread>1</thread>
  <message>End action : verifyMatch(jobPositionAfterPatch, &amp;quot;Senior QA Engineer&amp;quot;, false)</message>
  <nestedLevel>1</nestedLevel>
  <escapedJava>false</escapedJava>
</record>
<record>
  <date>2025-10-27T04:13:00.308847Z</date>
  <millis>1761538380308</millis>
  <nanos>847000</nanos>
  <sequence>144</sequence>
  <level>START</level>
  <class>com.kms.katalon.core.logging.XmlKeywordLogger</class>
  <method>startKeyword</method>
  <thread>1</thread>
  <message>Start action : assert SalaryAfterPatch == 8888888</message>
  <nestedLevel>1</nestedLevel>
  <escapedJava>false</escapedJava>
  <property name="startLine">63</property>
  <property name="stepIndex">32</property>
</record>
<record>
  <date>2025-10-27T04:13:00.315828100Z</date>
  <millis>1761538380315</millis>
  <nanos>828100</nanos>
  <sequence>145</sequence>
  <level>END</level>
  <class>com.kms.katalon.core.logging.XmlKeywordLogger</class>
  <method>endKeyword</method>
  <thread>1</thread>
  <message>End action : assert SalaryAfterPatch == 8888888</message>
  <nestedLevel>1</nestedLevel>
  <escapedJava>false</escapedJava>
</record>
<record>
  <date>2025-10-27T04:13:00.316826500Z</date>
  <millis>1761538380316</millis>
  <nanos>826500</nanos>
  <sequence>146</sequence>
  <level>START</level>
  <class>com.kms.katalon.core.logging.XmlKeywordLogger</class>
  <method>startKeyword</method>
  <thread>1</thread>
  <message>Start action : response = sendRequest(findTestObject(&amp;quot;DELETE USER&amp;quot;))</message>
  <nestedLevel>1</nestedLevel>
  <escapedJava>false</escapedJava>
  <property name="startLine">67</property>
  <property name="stepIndex">33</property>
</record>
<record>
  <date>2025-10-27T04:13:00.678062600Z</date>
  <millis>1761538380678</millis>
  <nanos>62600</nanos>
  <sequence>150</sequence>
  <level>INFO</level>
  <class>com.kms.katalon.core.logging.XmlKeywordLogger</class>
  <method>logMessage</method>
  <thread>1</thread>
  <message>HAR: C:\Users\Baby Groot\Katalon Studio\katalon-api-testing\Reports\20251027_111210\TS - Workflow User CRUD\20251027_111214\requests\main\DELETE-USER_4.har</message>
  <nestedLevel>1</nestedLevel>
  <escapedJava>false</escapedJava>
  <property name="harId">3cc62ed0-159d-4744-9645-c6f04040759c</property>
</record>
<record>
  <date>2025-10-27T04:13:00.687039100Z</date>
  <millis>1761538380687</millis>
  <nanos>39100</nanos>
  <sequence>151</sequence>
  <level>PASSED</level>
  <class>com.kms.katalon.core.logging.XmlKeywordLogger</class>
  <method>logMessage</method>
  <thread>1</thread>
  <message>Send request successfully</message>
  <nestedLevel>1</nestedLevel>
  <escapedJava>false</escapedJava>
  <property name="testops-method-name">com.kms.katalon.core.webservice.keyword.builtin.SendRequestKeyword.sendRequest</property>
  <property name="testops-execution-stacktrace"></property>
</record>
<record>
  <date>2025-10-27T04:13:00.692026100Z</date>
  <millis>1761538380692</millis>
  <nanos>26100</nanos>
  <sequence>152</sequence>
  <level>END</level>
  <class>com.kms.katalon.core.logging.XmlKeywordLogger</class>
  <method>endKeyword</method>
  <thread>1</thread>
  <message>End action : response = sendRequest(findTestObject(&amp;quot;DELETE USER&amp;quot;))</message>
  <nestedLevel>1</nestedLevel>
  <escapedJava>false</escapedJava>
</record>
<record>
  <date>2025-10-27T04:13:00.693021100Z</date>
  <millis>1761538380693</millis>
  <nanos>21100</nanos>
  <sequence>153</sequence>
  <level>START</level>
  <class>com.kms.katalon.core.logging.XmlKeywordLogger</class>
  <method>startKeyword</method>
  <thread>1</thread>
  <message>Start action : responseTimeDelete = response.getElapsedTime()</message>
  <nestedLevel>1</nestedLevel>
  <escapedJava>false</escapedJava>
  <property name="startLine">69</property>
  <property name="stepIndex">34</property>
</record>
<record>
  <date>2025-10-27T04:13:00.728933Z</date>
  <millis>1761538380728</millis>
  <nanos>933000</nanos>
  <sequence>154</sequence>
  <level>END</level>
  <class>com.kms.katalon.core.logging.XmlKeywordLogger</class>
  <method>endKeyword</method>
  <thread>1</thread>
  <message>End action : responseTimeDelete = response.getElapsedTime()</message>
  <nestedLevel>1</nestedLevel>
  <escapedJava>false</escapedJava>
</record>
<record>
  <date>2025-10-27T04:13:00.730922900Z</date>
  <millis>1761538380730</millis>
  <nanos>922900</nanos>
  <sequence>155</sequence>
  <level>START</level>
  <class>com.kms.katalon.core.logging.XmlKeywordLogger</class>
  <method>startKeyword</method>
  <thread>1</thread>
  <message>Start action : verifyLessThan(responseTimeDelete, 10000)</message>
  <nestedLevel>1</nestedLevel>
  <escapedJava>false</escapedJava>
  <property name="startLine">70</property>
  <property name="stepIndex">35</property>
</record>
<record>
  <date>2025-10-27T04:13:00.785120800Z</date>
  <millis>1761538380785</millis>
  <nanos>120800</nanos>
  <sequence>157</sequence>
  <level>PASSED</level>
  <class>com.kms.katalon.core.logging.XmlKeywordLogger</class>
  <method>logMessage</method>
  <thread>1</thread>
  <message>Actual number &amp;apos;142&amp;apos; is less than expected number &amp;apos;10.000&amp;apos;</message>
  <nestedLevel>1</nestedLevel>
  <escapedJava>false</escapedJava>
  <property name="testops-is-assertion">true</property>
  <property name="testops-method-name">com.kms.katalon.core.keyword.builtin.VerifyLessThanKeyword.verifyLessThan</property>
  <property name="testops-execution-stacktrace"></property>
</record>
<record>
  <date>2025-10-27T04:13:00.785562200Z</date>
  <millis>1761538380785</millis>
  <nanos>562200</nanos>
  <sequence>158</sequence>
  <level>END</level>
  <class>com.kms.katalon.core.logging.XmlKeywordLogger</class>
  <method>endKeyword</method>
  <thread>1</thread>
  <message>End action : verifyLessThan(responseTimeDelete, 10000)</message>
  <nestedLevel>1</nestedLevel>
  <escapedJava>false</escapedJava>
</record>
<record>
  <date>2025-10-27T04:13:00.786632Z</date>
  <millis>1761538380786</millis>
  <nanos>632000</nanos>
  <sequence>159</sequence>
  <level>PASSED</level>
  <class>com.kms.katalon.core.logging.XmlKeywordLogger</class>
  <method>logMessage</method>
  <thread>1</thread>
  <message>Test Cases/Mock API/TC06-Chain API - Workflow USER CRUD</message>
  <nestedLevel>1</nestedLevel>
  <escapedJava>false</escapedJava>
</record>
<record>
  <date>2025-10-27T04:13:00.789549200Z</date>
  <millis>1761538380789</millis>
  <nanos>549200</nanos>
  <sequence>160</sequence>
  <level>END</level>
  <class>com.kms.katalon.core.logging.XmlKeywordLogger</class>
  <method>endTest</method>
  <thread>1</thread>
  <message>End Test Case : Test Cases/Mock API/TC06-Chain API - Workflow USER CRUD</message>
  <nestedLevel>0</nestedLevel>
  <escapedJava>false</escapedJava>
  <property name="executionBindingVariables">[]</property>
  <property name="applitools">false</property>
  <property name="remainingRetryCount">3</property>
  <property name="currentRetryCount">0</property>
  <property name="keywordsUsage">{
  &quot;web_ui&quot;: false,
  &quot;web_service&quot;: true,
  &quot;cucumber&quot;: false,
  &quot;builtin&quot;: true,
  &quot;mobile&quot;: false,
  &quot;windows&quot;: false,
  &quot;testng&quot;: false
}</property>
</record>
<record>
  <date>2025-10-27T04:13:00.890800700Z</date>
  <millis>1761538380890</millis>
  <nanos>800700</nanos>
  <sequence>161</sequence>
  <level>END</level>
  <class>com.kms.katalon.core.logging.XmlKeywordLogger</class>
  <method>endSuite</method>
  <thread>1</thread>
  <message>End Test Suite : Test Suites/TS - Workflow User CRUD</message>
  <nestedLevel>0</nestedLevel>
  <escapedJava>false</escapedJava>
</record>
</log>
