2025-10-27 11:09:51.265 INFO  c.k.katalon.core.main.TestSuiteExecutor  - START Test Suites/TS - Workflow User CRUD
2025-10-27 11:09:51.588 INFO  c.k.katalon.core.main.TestSuiteExecutor  - userFullName = Baby Grooot
2025-10-27 11:09:51.595 INFO  c.k.katalon.core.main.TestSuiteExecutor  - projectName = katalon-api-testing
2025-10-27 11:09:51.596 INFO  c.k.katalon.core.main.TestSuiteExecutor  - hostName = belajar - DESKTOP-SPLIHBS
2025-10-27 11:09:51.600 INFO  c.k.katalon.core.main.TestSuiteExecutor  - os = Windows 10 64bit
2025-10-27 11:09:51.600 INFO  c.k.katalon.core.main.TestSuiteExecutor  - hostAddress = 192.168.0.108
2025-10-27 11:09:51.605 INFO  c.k.katalon.core.main.TestSuiteExecutor  - katalonVersion = 10.3.1.0
2025-10-27 11:09:53.233 INFO  c.k.katalon.core.main.TestCaseExecutor   - --------------------
2025-10-27 11:09:53.233 INFO  c.k.katalon.core.main.TestCaseExecutor   - START Test Cases/Mock API/TC06-Chain API - Workflow USER CRUD
2025-10-27 11:09:55.000 DEBUG t.TC06-Chain API - Workflow USER CRUD    - 1: testFirtsName = "Fitri"
2025-10-27 11:09:55.038 DEBUG t.TC06-Chain API - Workflow USER CRUD    - 2: testLastName = "Abdillah"
2025-10-27 11:09:55.052 DEBUG t.TC06-Chain API - Workflow USER CRUD    - 3: responsePost = sendRequest(findTestObject("POST NEW USER", ["firstname":testFirtsName, "lastname":testLastName, "username":"broot", "jobposition":"QAE", "joblevel":"Junior", "salary":7777777, ... ]))
2025-10-27 11:10:01.406 INFO  c.k.k.core.webservice.common.HarLogger   - HAR: C:\Users\Baby Groot\Katalon Studio\katalon-api-testing\Reports\20251027_110940\TS - Workflow User CRUD\20251027_110941\requests\main\POST-NEW-USER_0.har
2025-10-27 11:10:01.901 DEBUG t.TC06-Chain API - Workflow USER CRUD    - 4: userName = getElementPropertyValue(responsePost, "[0].username")
2025-10-27 11:10:02.298 DEBUG t.TC06-Chain API - Workflow USER CRUD    - 5: jobPosition = getElementPropertyValue(responsePost, "[0].job_position")
2025-10-27 11:10:02.453 DEBUG t.TC06-Chain API - Workflow USER CRUD    - 6: verifyEqual(userName, "broot")
2025-10-27 11:10:02.579 DEBUG t.TC06-Chain API - Workflow USER CRUD    - 7: assert jobPosition == "QAE"
2025-10-27 11:10:02.588 DEBUG t.TC06-Chain API - Workflow USER CRUD    - 8: responseAfterPost = sendRequest(findTestObject("GET SINGLE USER"))
2025-10-27 11:10:03.514 INFO  c.k.k.core.webservice.common.HarLogger   - HAR: C:\Users\Baby Groot\Katalon Studio\katalon-api-testing\Reports\20251027_110940\TS - Workflow User CRUD\20251027_110941\requests\main\GET-SINGLE-USER_1.har
2025-10-27 11:10:03.532 DEBUG t.TC06-Chain API - Workflow USER CRUD    - 9: firtsNameAfterPost = getElementPropertyValue(responseAfterPost, "[0].first_name")
2025-10-27 11:10:03.681 DEBUG t.TC06-Chain API - Workflow USER CRUD    - 10: lastNameAfterPost = getElementPropertyValue(responseAfterPost, "[0].last_name")
2025-10-27 11:10:03.798 DEBUG t.TC06-Chain API - Workflow USER CRUD    - 11: workDurationAfterPost = getElementPropertyValue(responseAfterPost, "[0].work_duration")
2025-10-27 11:10:04.020 DEBUG t.TC06-Chain API - Workflow USER CRUD    - 12: verifyEqual(firtsNameAfterPost, testFirtsName)
2025-10-27 11:10:04.085 DEBUG t.TC06-Chain API - Workflow USER CRUD    - 13: verifyEqual(lastNameAfterPost, testLastName)
2025-10-27 11:10:04.124 DEBUG t.TC06-Chain API - Workflow USER CRUD    - 14: assert workDurationAfterPost == 2
2025-10-27 11:10:04.141 DEBUG t.TC06-Chain API - Workflow USER CRUD    - 15: responsePatch = sendRequest(findTestObject("PATCH A USER", ["jobposition":"Senior QA Engineer", "salary":8888888]))
2025-10-27 11:10:04.973 INFO  c.k.k.core.webservice.common.HarLogger   - HAR: C:\Users\Baby Groot\Katalon Studio\katalon-api-testing\Reports\20251027_110940\TS - Workflow User CRUD\20251027_110941\requests\main\PATCH-A-USER_2.har
2025-10-27 11:10:04.981 DEBUG t.TC06-Chain API - Workflow USER CRUD    - 16: userNamePatch = getElementPropertyValue(responsePatch, "[0].username")
2025-10-27 11:10:05.068 DEBUG t.TC06-Chain API - Workflow USER CRUD    - 17: jobPositionPatch = getElementPropertyValue(responsePatch, "[0].job_position")
2025-10-27 11:10:05.152 DEBUG t.TC06-Chain API - Workflow USER CRUD    - 18: SalaryPatch = getElementPropertyValue(responsePatch, "[0].salary")
2025-10-27 11:10:05.229 DEBUG t.TC06-Chain API - Workflow USER CRUD    - 19: verifyEqual(userNamePatch, "broot")
2025-10-27 11:10:05.257 DEBUG t.TC06-Chain API - Workflow USER CRUD    - 20: verifyMatch(jobPositionPatch, "Senior QA Engineer", false)
2025-10-27 11:10:05.312 DEBUG t.TC06-Chain API - Workflow USER CRUD    - 21: assert SalaryPatch == 8888888
2025-10-27 11:10:05.321 DEBUG t.TC06-Chain API - Workflow USER CRUD    - 22: responseAfterPatch = sendRequest(findTestObject("GET SINGLE USER"))
2025-10-27 11:10:05.967 INFO  c.k.k.core.webservice.common.HarLogger   - HAR: C:\Users\Baby Groot\Katalon Studio\katalon-api-testing\Reports\20251027_110940\TS - Workflow User CRUD\20251027_110941\requests\main\GET-SINGLE-USER_3.har
2025-10-27 11:10:05.974 DEBUG t.TC06-Chain API - Workflow USER CRUD    - 23: userNameAfterPatch = getElementPropertyValue(responseAfterPatch, "[0].username")
2025-10-27 11:10:06.078 DEBUG t.TC06-Chain API - Workflow USER CRUD    - 24: firtsNameAfterPatch = getElementPropertyValue(responseAfterPatch, "[0].first_name")
2025-10-27 11:10:06.175 DEBUG t.TC06-Chain API - Workflow USER CRUD    - 25: lastNameAfterPatch = getElementPropertyValue(responseAfterPatch, "[0].last_name")
2025-10-27 11:10:06.248 DEBUG t.TC06-Chain API - Workflow USER CRUD    - 26: jobPositionAfterPatch = getElementPropertyValue(responseAfterPatch, "[0].job_position")
2025-10-27 11:10:06.366 DEBUG t.TC06-Chain API - Workflow USER CRUD    - 27: SalaryAfterPatch = getElementPropertyValue(responseAfterPatch, "[0].salary")
2025-10-27 11:10:06.468 DEBUG t.TC06-Chain API - Workflow USER CRUD    - 28: verifyEqual(userNameAfterPatch, "broot")
2025-10-27 11:10:06.487 DEBUG t.TC06-Chain API - Workflow USER CRUD    - 29: verifyEqual(firtsNameAfterPatch, testFirtsName)
2025-10-27 11:10:06.503 DEBUG t.TC06-Chain API - Workflow USER CRUD    - 30: verifyEqual(lastNameAfterPatch, testLastName)
2025-10-27 11:10:06.599 DEBUG t.TC06-Chain API - Workflow USER CRUD    - 31: verifyMatch(jobPositionAfterPatch, "Senior QA Engineer", false)
2025-10-27 11:10:06.607 DEBUG t.TC06-Chain API - Workflow USER CRUD    - 32: assert SalaryAfterPatch == 8888888
2025-10-27 11:10:06.614 DEBUG t.TC06-Chain API - Workflow USER CRUD    - 33: response = sendRequest(findTestObject("DELETE USER"))
2025-10-27 11:10:07.056 INFO  c.k.k.core.webservice.common.HarLogger   - HAR: C:\Users\Baby Groot\Katalon Studio\katalon-api-testing\Reports\20251027_110940\TS - Workflow User CRUD\20251027_110941\requests\main\DELETE-USER_4.har
2025-10-27 11:10:07.080 DEBUG t.TC06-Chain API - Workflow USER CRUD    - 34: responseTimeDelete = response.getElapsedTime()
2025-10-27 11:10:07.150 DEBUG t.TC06-Chain API - Workflow USER CRUD    - 35: verifyLessThan(responseTimeDelete, 10000)
2025-10-27 11:10:07.206 INFO  c.k.katalon.core.main.TestCaseExecutor   - END Test Cases/Mock API/TC06-Chain API - Workflow USER CRUD
2025-10-27 11:10:07.351 INFO  c.k.katalon.core.main.TestSuiteExecutor  - --------------------
2025-10-27 11:10:07.351 INFO  c.k.katalon.core.main.TestSuiteExecutor  - END Test Suites/TS - Workflow User CRUD
2025-10-27 11:10:07.351 INFO  c.k.katalon.core.main.TestSuiteExecutor  - ====================
