<?xml version="1.0" encoding="UTF-8" standalone="no"?>
<!DOCTYPE log SYSTEM "logger.dtd">
<log>
<record>
  <date>2025-10-27T04:09:51.541717400Z</date>
  <millis>1761538191541</millis>
  <nanos>717400</nanos>
  <sequence>0</sequence>
  <level>START</level>
  <class>com.kms.katalon.core.logging.XmlKeywordLogger</class>
  <method>startSuite</method>
  <thread>1</thread>
  <message>Start Test Suite : Test Suites/TS - Workflow User CRUD</message>
  <nestedLevel>0</nestedLevel>
  <escapedJava>false</escapedJava>
  <property name="rerunTestFailImmediately">true</property>
  <property name="retryCount">3</property>
  <property name="name">TS - Workflow User CRUD</property>
  <property name="description"></property>
  <property name="id">Test Suites/TS - Workflow User CRUD</property>
</record>
<record>
  <date>2025-10-27T04:09:51.588897200Z</date>
  <millis>1761538191588</millis>
  <nanos>897200</nanos>
  <sequence>1</sequence>
  <level>RUN_DATA</level>
  <class>com.kms.katalon.core.logging.XmlKeywordLogger</class>
  <method>logMessage</method>
  <thread>1</thread>
  <message>userFullName = Baby Grooot</message>
  <nestedLevel>0</nestedLevel>
  <escapedJava>false</escapedJava>
  <property name="userFullName">Baby Grooot</property>
</record>
<record>
  <date>2025-10-27T04:09:51.595296400Z</date>
  <millis>1761538191595</millis>
  <nanos>296400</nanos>
  <sequence>2</sequence>
  <level>RUN_DATA</level>
  <class>com.kms.katalon.core.logging.XmlKeywordLogger</class>
  <method>logMessage</method>
  <thread>1</thread>
  <message>projectName = katalon-api-testing</message>
  <nestedLevel>0</nestedLevel>
  <escapedJava>false</escapedJava>
  <property name="projectName">katalon-api-testing</property>
</record>
<record>
  <date>2025-10-27T04:09:51.596293700Z</date>
  <millis>1761538191596</millis>
  <nanos>293700</nanos>
  <sequence>3</sequence>
  <level>RUN_DATA</level>
  <class>com.kms.katalon.core.logging.XmlKeywordLogger</class>
  <method>logMessage</method>
  <thread>1</thread>
  <message>hostName = belajar - DESKTOP-SPLIHBS</message>
  <nestedLevel>0</nestedLevel>
  <escapedJava>false</escapedJava>
  <property name="hostName">belajar - DESKTOP-SPLIHBS</property>
</record>
<record>
  <date>2025-10-27T04:09:51.600304100Z</date>
  <millis>1761538191600</millis>
  <nanos>304100</nanos>
  <sequence>4</sequence>
  <level>RUN_DATA</level>
  <class>com.kms.katalon.core.logging.XmlKeywordLogger</class>
  <method>logMessage</method>
  <thread>1</thread>
  <message>os = Windows 10 64bit</message>
  <nestedLevel>0</nestedLevel>
  <escapedJava>false</escapedJava>
  <property name="os">Windows 10 64bit</property>
</record>
<record>
  <date>2025-10-27T04:09:51.600304100Z</date>
  <millis>1761538191600</millis>
  <nanos>304100</nanos>
  <sequence>5</sequence>
  <level>RUN_DATA</level>
  <class>com.kms.katalon.core.logging.XmlKeywordLogger</class>
  <method>logMessage</method>
  <thread>1</thread>
  <message>hostAddress = 192.168.0.108</message>
  <nestedLevel>0</nestedLevel>
  <escapedJava>false</escapedJava>
  <property name="hostAddress">192.168.0.108</property>
</record>
<record>
  <date>2025-10-27T04:09:51.606390400Z</date>
  <millis>1761538191606</millis>
  <nanos>390400</nanos>
  <sequence>6</sequence>
  <level>RUN_DATA</level>
  <class>com.kms.katalon.core.logging.XmlKeywordLogger</class>
  <method>logMessage</method>
  <thread>1</thread>
  <message>katalonVersion = 10.3.1.0</message>
  <nestedLevel>0</nestedLevel>
  <escapedJava>false</escapedJava>
  <property name="katalonVersion">10.3.1.0</property>
</record>
<record>
  <date>2025-10-27T04:09:53.233079Z</date>
  <millis>1761538193233</millis>
  <nanos>79000</nanos>
  <sequence>7</sequence>
  <level>START</level>
  <class>com.kms.katalon.core.logging.XmlKeywordLogger</class>
  <method>startTest</method>
  <thread>1</thread>
  <message>Start Test Case : Test Cases/Mock API/TC06-Chain API - Workflow USER CRUD</message>
  <nestedLevel>1</nestedLevel>
  <escapedJava>false</escapedJava>
  <property name="remainingRetryCount">3</property>
  <property name="name">Test Cases/Mock API/TC06-Chain API - Workflow USER CRUD</property>
  <property name="description"></property>
  <property name="iteration"></property>
  <property name="id">Test Cases/Mock API/TC06-Chain API - Workflow USER CRUD</property>
  <property name="source">C:\Users\Baby Groot\Katalon Studio\katalon-api-testing\Test Cases\Mock API\TC06-Chain API - Workflow USER CRUD.tc</property>
  <property name="tag"></property>
  <property name="isOptional">false</property>
  <property name="currentRetryCount">0</property>
</record>
<record>
  <date>2025-10-27T04:09:55.003843100Z</date>
  <millis>1761538195003</millis>
  <nanos>843100</nanos>
  <sequence>9</sequence>
  <level>START</level>
  <class>com.kms.katalon.core.logging.XmlKeywordLogger</class>
  <method>startKeyword</method>
  <thread>1</thread>
  <message>Start action : testFirtsName = &amp;quot;Fitri&amp;quot;</message>
  <nestedLevel>1</nestedLevel>
  <escapedJava>false</escapedJava>
  <property name="startLine">21</property>
  <property name="stepIndex">1</property>
</record>
<record>
  <date>2025-10-27T04:09:55.038166400Z</date>
  <millis>1761538195038</millis>
  <nanos>166400</nanos>
  <sequence>10</sequence>
  <level>END</level>
  <class>com.kms.katalon.core.logging.XmlKeywordLogger</class>
  <method>endKeyword</method>
  <thread>1</thread>
  <message>End action : testFirtsName = &amp;quot;Fitri&amp;quot;</message>
  <nestedLevel>1</nestedLevel>
  <escapedJava>false</escapedJava>
</record>
<record>
  <date>2025-10-27T04:09:55.039162800Z</date>
  <millis>1761538195039</millis>
  <nanos>162800</nanos>
  <sequence>11</sequence>
  <level>START</level>
  <class>com.kms.katalon.core.logging.XmlKeywordLogger</class>
  <method>startKeyword</method>
  <thread>1</thread>
  <message>Start action : testLastName = &amp;quot;Abdillah&amp;quot;</message>
  <nestedLevel>1</nestedLevel>
  <escapedJava>false</escapedJava>
  <property name="startLine">22</property>
  <property name="stepIndex">2</property>
</record>
<record>
  <date>2025-10-27T04:09:55.053125100Z</date>
  <millis>1761538195053</millis>
  <nanos>125100</nanos>
  <sequence>12</sequence>
  <level>END</level>
  <class>com.kms.katalon.core.logging.XmlKeywordLogger</class>
  <method>endKeyword</method>
  <thread>1</thread>
  <message>End action : testLastName = &amp;quot;Abdillah&amp;quot;</message>
  <nestedLevel>1</nestedLevel>
  <escapedJava>false</escapedJava>
</record>
<record>
  <date>2025-10-27T04:09:55.053125100Z</date>
  <millis>1761538195053</millis>
  <nanos>125100</nanos>
  <sequence>13</sequence>
  <level>START</level>
  <class>com.kms.katalon.core.logging.XmlKeywordLogger</class>
  <method>startKeyword</method>
  <thread>1</thread>
  <message>Start action : responsePost = sendRequest(findTestObject(&amp;quot;POST NEW USER&amp;quot;, [&amp;quot;firstname&amp;quot;:testFirtsName, &amp;quot;lastname&amp;quot;:testLastName, &amp;quot;username&amp;quot;:&amp;quot;broot&amp;quot;, &amp;quot;jobposition&amp;quot;:&amp;quot;QAE&amp;quot;, &amp;quot;joblevel&amp;quot;:&amp;quot;Junior&amp;quot;, &amp;quot;salary&amp;quot;:7777777, ... ]))</message>
  <nestedLevel>1</nestedLevel>
  <escapedJava>false</escapedJava>
  <property name="startLine">23</property>
  <property name="stepIndex">3</property>
</record>
<record>
  <date>2025-10-27T04:10:01.406169200Z</date>
  <millis>1761538201406</millis>
  <nanos>169200</nanos>
  <sequence>17</sequence>
  <level>INFO</level>
  <class>com.kms.katalon.core.logging.XmlKeywordLogger</class>
  <method>logMessage</method>
  <thread>1</thread>
  <message>HAR: C:\Users\Baby Groot\Katalon Studio\katalon-api-testing\Reports\20251027_110940\TS - Workflow User CRUD\20251027_110941\requests\main\POST-NEW-USER_0.har</message>
  <nestedLevel>1</nestedLevel>
  <escapedJava>false</escapedJava>
  <property name="harId">e553a919-8242-4002-b6bf-a6ac18c8c583</property>
</record>
<record>
  <date>2025-10-27T04:10:01.786292800Z</date>
  <millis>1761538201786</millis>
  <nanos>292800</nanos>
  <sequence>18</sequence>
  <level>PASSED</level>
  <class>com.kms.katalon.core.logging.XmlKeywordLogger</class>
  <method>logMessage</method>
  <thread>1</thread>
  <message>Send request successfully</message>
  <nestedLevel>1</nestedLevel>
  <escapedJava>false</escapedJava>
  <property name="testops-method-name">com.kms.katalon.core.webservice.keyword.builtin.SendRequestKeyword.sendRequest</property>
  <property name="testops-execution-stacktrace"></property>
</record>
<record>
  <date>2025-10-27T04:10:01.902700900Z</date>
  <millis>1761538201902</millis>
  <nanos>700900</nanos>
  <sequence>19</sequence>
  <level>END</level>
  <class>com.kms.katalon.core.logging.XmlKeywordLogger</class>
  <method>endKeyword</method>
  <thread>1</thread>
  <message>End action : responsePost = sendRequest(findTestObject(&amp;quot;POST NEW USER&amp;quot;, [&amp;quot;firstname&amp;quot;:testFirtsName, &amp;quot;lastname&amp;quot;:testLastName, &amp;quot;username&amp;quot;:&amp;quot;broot&amp;quot;, &amp;quot;jobposition&amp;quot;:&amp;quot;QAE&amp;quot;, &amp;quot;joblevel&amp;quot;:&amp;quot;Junior&amp;quot;, &amp;quot;salary&amp;quot;:7777777, ... ]))</message>
  <nestedLevel>1</nestedLevel>
  <escapedJava>false</escapedJava>
</record>
<record>
  <date>2025-10-27T04:10:01.907687700Z</date>
  <millis>1761538201907</millis>
  <nanos>687700</nanos>
  <sequence>20</sequence>
  <level>START</level>
  <class>com.kms.katalon.core.logging.XmlKeywordLogger</class>
  <method>startKeyword</method>
  <thread>1</thread>
  <message>Start action : userName = getElementPropertyValue(responsePost, &amp;quot;[0].username&amp;quot;)</message>
  <nestedLevel>1</nestedLevel>
  <escapedJava>false</escapedJava>
  <property name="startLine">25</property>
  <property name="stepIndex">4</property>
</record>
<record>
  <date>2025-10-27T04:10:02.298581500Z</date>
  <millis>1761538202298</millis>
  <nanos>581500</nanos>
  <sequence>23</sequence>
  <level>END</level>
  <class>com.kms.katalon.core.logging.XmlKeywordLogger</class>
  <method>endKeyword</method>
  <thread>1</thread>
  <message>End action : userName = getElementPropertyValue(responsePost, &amp;quot;[0].username&amp;quot;)</message>
  <nestedLevel>1</nestedLevel>
  <escapedJava>false</escapedJava>
</record>
<record>
  <date>2025-10-27T04:10:02.300577400Z</date>
  <millis>1761538202300</millis>
  <nanos>577400</nanos>
  <sequence>24</sequence>
  <level>START</level>
  <class>com.kms.katalon.core.logging.XmlKeywordLogger</class>
  <method>startKeyword</method>
  <thread>1</thread>
  <message>Start action : jobPosition = getElementPropertyValue(responsePost, &amp;quot;[0].job_position&amp;quot;)</message>
  <nestedLevel>1</nestedLevel>
  <escapedJava>false</escapedJava>
  <property name="startLine">26</property>
  <property name="stepIndex">5</property>
</record>
<record>
  <date>2025-10-27T04:10:02.453742500Z</date>
  <millis>1761538202453</millis>
  <nanos>742500</nanos>
  <sequence>27</sequence>
  <level>END</level>
  <class>com.kms.katalon.core.logging.XmlKeywordLogger</class>
  <method>endKeyword</method>
  <thread>1</thread>
  <message>End action : jobPosition = getElementPropertyValue(responsePost, &amp;quot;[0].job_position&amp;quot;)</message>
  <nestedLevel>1</nestedLevel>
  <escapedJava>false</escapedJava>
</record>
<record>
  <date>2025-10-27T04:10:02.454983100Z</date>
  <millis>1761538202454</millis>
  <nanos>983100</nanos>
  <sequence>28</sequence>
  <level>START</level>
  <class>com.kms.katalon.core.logging.XmlKeywordLogger</class>
  <method>startKeyword</method>
  <thread>1</thread>
  <message>Start action : verifyEqual(userName, &amp;quot;broot&amp;quot;)</message>
  <nestedLevel>1</nestedLevel>
  <escapedJava>false</escapedJava>
  <property name="startLine">28</property>
  <property name="stepIndex">6</property>
</record>
<record>
  <date>2025-10-27T04:10:02.569371300Z</date>
  <millis>1761538202569</millis>
  <nanos>371300</nanos>
  <sequence>31</sequence>
  <level>PASSED</level>
  <class>com.kms.katalon.core.logging.XmlKeywordLogger</class>
  <method>logMessage</method>
  <thread>1</thread>
  <message>Actual object &amp;apos;broot&amp;apos; and expected object &amp;apos;broot&amp;apos; are equal</message>
  <nestedLevel>1</nestedLevel>
  <escapedJava>false</escapedJava>
  <property name="testops-is-assertion">true</property>
  <property name="testops-method-name">com.kms.katalon.core.keyword.builtin.VerifyEqualKeyword.verifyEqual</property>
  <property name="testops-execution-stacktrace"></property>
</record>
<record>
  <date>2025-10-27T04:10:02.580688300Z</date>
  <millis>1761538202580</millis>
  <nanos>688300</nanos>
  <sequence>32</sequence>
  <level>END</level>
  <class>com.kms.katalon.core.logging.XmlKeywordLogger</class>
  <method>endKeyword</method>
  <thread>1</thread>
  <message>End action : verifyEqual(userName, &amp;quot;broot&amp;quot;)</message>
  <nestedLevel>1</nestedLevel>
  <escapedJava>false</escapedJava>
</record>
<record>
  <date>2025-10-27T04:10:02.581685300Z</date>
  <millis>1761538202581</millis>
  <nanos>685300</nanos>
  <sequence>33</sequence>
  <level>START</level>
  <class>com.kms.katalon.core.logging.XmlKeywordLogger</class>
  <method>startKeyword</method>
  <thread>1</thread>
  <message>Start action : assert jobPosition == &amp;quot;QAE&amp;quot;</message>
  <nestedLevel>1</nestedLevel>
  <escapedJava>false</escapedJava>
  <property name="startLine">29</property>
  <property name="stepIndex">7</property>
</record>
<record>
  <date>2025-10-27T04:10:02.588666400Z</date>
  <millis>1761538202588</millis>
  <nanos>666400</nanos>
  <sequence>34</sequence>
  <level>END</level>
  <class>com.kms.katalon.core.logging.XmlKeywordLogger</class>
  <method>endKeyword</method>
  <thread>1</thread>
  <message>End action : assert jobPosition == &amp;quot;QAE&amp;quot;</message>
  <nestedLevel>1</nestedLevel>
  <escapedJava>false</escapedJava>
</record>
<record>
  <date>2025-10-27T04:10:02.589974500Z</date>
  <millis>1761538202589</millis>
  <nanos>974500</nanos>
  <sequence>35</sequence>
  <level>START</level>
  <class>com.kms.katalon.core.logging.XmlKeywordLogger</class>
  <method>startKeyword</method>
  <thread>1</thread>
  <message>Start action : responseAfterPost = sendRequest(findTestObject(&amp;quot;GET SINGLE USER&amp;quot;))</message>
  <nestedLevel>1</nestedLevel>
  <escapedJava>false</escapedJava>
  <property name="startLine">31</property>
  <property name="stepIndex">8</property>
</record>
<record>
  <date>2025-10-27T04:10:03.514400800Z</date>
  <millis>1761538203514</millis>
  <nanos>400800</nanos>
  <sequence>39</sequence>
  <level>INFO</level>
  <class>com.kms.katalon.core.logging.XmlKeywordLogger</class>
  <method>logMessage</method>
  <thread>1</thread>
  <message>HAR: C:\Users\Baby Groot\Katalon Studio\katalon-api-testing\Reports\20251027_110940\TS - Workflow User CRUD\20251027_110941\requests\main\GET-SINGLE-USER_1.har</message>
  <nestedLevel>1</nestedLevel>
  <escapedJava>false</escapedJava>
  <property name="harId">406bb043-2e98-4c1e-9b29-ee5f01b185f5</property>
</record>
<record>
  <date>2025-10-27T04:10:03.532781600Z</date>
  <millis>1761538203532</millis>
  <nanos>781600</nanos>
  <sequence>40</sequence>
  <level>PASSED</level>
  <class>com.kms.katalon.core.logging.XmlKeywordLogger</class>
  <method>logMessage</method>
  <thread>1</thread>
  <message>Send request successfully</message>
  <nestedLevel>1</nestedLevel>
  <escapedJava>false</escapedJava>
  <property name="testops-method-name">com.kms.katalon.core.webservice.keyword.builtin.SendRequestKeyword.sendRequest</property>
  <property name="testops-execution-stacktrace"></property>
</record>
<record>
  <date>2025-10-27T04:10:03.532781600Z</date>
  <millis>1761538203532</millis>
  <nanos>781600</nanos>
  <sequence>41</sequence>
  <level>END</level>
  <class>com.kms.katalon.core.logging.XmlKeywordLogger</class>
  <method>endKeyword</method>
  <thread>1</thread>
  <message>End action : responseAfterPost = sendRequest(findTestObject(&amp;quot;GET SINGLE USER&amp;quot;))</message>
  <nestedLevel>1</nestedLevel>
  <escapedJava>false</escapedJava>
</record>
<record>
  <date>2025-10-27T04:10:03.532781600Z</date>
  <millis>1761538203532</millis>
  <nanos>781600</nanos>
  <sequence>42</sequence>
  <level>START</level>
  <class>com.kms.katalon.core.logging.XmlKeywordLogger</class>
  <method>startKeyword</method>
  <thread>1</thread>
  <message>Start action : firtsNameAfterPost = getElementPropertyValue(responseAfterPost, &amp;quot;[0].first_name&amp;quot;)</message>
  <nestedLevel>1</nestedLevel>
  <escapedJava>false</escapedJava>
  <property name="startLine">33</property>
  <property name="stepIndex">9</property>
</record>
<record>
  <date>2025-10-27T04:10:03.681684800Z</date>
  <millis>1761538203681</millis>
  <nanos>684800</nanos>
  <sequence>45</sequence>
  <level>END</level>
  <class>com.kms.katalon.core.logging.XmlKeywordLogger</class>
  <method>endKeyword</method>
  <thread>1</thread>
  <message>End action : firtsNameAfterPost = getElementPropertyValue(responseAfterPost, &amp;quot;[0].first_name&amp;quot;)</message>
  <nestedLevel>1</nestedLevel>
  <escapedJava>false</escapedJava>
</record>
<record>
  <date>2025-10-27T04:10:03.684677900Z</date>
  <millis>1761538203684</millis>
  <nanos>677900</nanos>
  <sequence>46</sequence>
  <level>START</level>
  <class>com.kms.katalon.core.logging.XmlKeywordLogger</class>
  <method>startKeyword</method>
  <thread>1</thread>
  <message>Start action : lastNameAfterPost = getElementPropertyValue(responseAfterPost, &amp;quot;[0].last_name&amp;quot;)</message>
  <nestedLevel>1</nestedLevel>
  <escapedJava>false</escapedJava>
  <property name="startLine">34</property>
  <property name="stepIndex">10</property>
</record>
<record>
  <date>2025-10-27T04:10:03.798275900Z</date>
  <millis>1761538203798</millis>
  <nanos>275900</nanos>
  <sequence>49</sequence>
  <level>END</level>
  <class>com.kms.katalon.core.logging.XmlKeywordLogger</class>
  <method>endKeyword</method>
  <thread>1</thread>
  <message>End action : lastNameAfterPost = getElementPropertyValue(responseAfterPost, &amp;quot;[0].last_name&amp;quot;)</message>
  <nestedLevel>1</nestedLevel>
  <escapedJava>false</escapedJava>
</record>
<record>
  <date>2025-10-27T04:10:03.800270100Z</date>
  <millis>1761538203800</millis>
  <nanos>270100</nanos>
  <sequence>50</sequence>
  <level>START</level>
  <class>com.kms.katalon.core.logging.XmlKeywordLogger</class>
  <method>startKeyword</method>
  <thread>1</thread>
  <message>Start action : workDurationAfterPost = getElementPropertyValue(responseAfterPost, &amp;quot;[0].work_duration&amp;quot;)</message>
  <nestedLevel>1</nestedLevel>
  <escapedJava>false</escapedJava>
  <property name="startLine">35</property>
  <property name="stepIndex">11</property>
</record>
<record>
  <date>2025-10-27T04:10:04.021275500Z</date>
  <millis>1761538204021</millis>
  <nanos>275500</nanos>
  <sequence>53</sequence>
  <level>END</level>
  <class>com.kms.katalon.core.logging.XmlKeywordLogger</class>
  <method>endKeyword</method>
  <thread>1</thread>
  <message>End action : workDurationAfterPost = getElementPropertyValue(responseAfterPost, &amp;quot;[0].work_duration&amp;quot;)</message>
  <nestedLevel>1</nestedLevel>
  <escapedJava>false</escapedJava>
</record>
<record>
  <date>2025-10-27T04:10:04.021301Z</date>
  <millis>1761538204021</millis>
  <nanos>301000</nanos>
  <sequence>54</sequence>
  <level>START</level>
  <class>com.kms.katalon.core.logging.XmlKeywordLogger</class>
  <method>startKeyword</method>
  <thread>1</thread>
  <message>Start action : verifyEqual(firtsNameAfterPost, testFirtsName)</message>
  <nestedLevel>1</nestedLevel>
  <escapedJava>false</escapedJava>
  <property name="startLine">37</property>
  <property name="stepIndex">12</property>
</record>
<record>
  <date>2025-10-27T04:10:04.043825400Z</date>
  <millis>1761538204043</millis>
  <nanos>825400</nanos>
  <sequence>57</sequence>
  <level>PASSED</level>
  <class>com.kms.katalon.core.logging.XmlKeywordLogger</class>
  <method>logMessage</method>
  <thread>1</thread>
  <message>Actual object &amp;apos;Fitri&amp;apos; and expected object &amp;apos;Fitri&amp;apos; are equal</message>
  <nestedLevel>1</nestedLevel>
  <escapedJava>false</escapedJava>
  <property name="testops-is-assertion">true</property>
  <property name="testops-method-name">com.kms.katalon.core.keyword.builtin.VerifyEqualKeyword.verifyEqual</property>
  <property name="testops-execution-stacktrace"></property>
</record>
<record>
  <date>2025-10-27T04:10:04.085331200Z</date>
  <millis>1761538204085</millis>
  <nanos>331200</nanos>
  <sequence>58</sequence>
  <level>END</level>
  <class>com.kms.katalon.core.logging.XmlKeywordLogger</class>
  <method>endKeyword</method>
  <thread>1</thread>
  <message>End action : verifyEqual(firtsNameAfterPost, testFirtsName)</message>
  <nestedLevel>1</nestedLevel>
  <escapedJava>false</escapedJava>
</record>
<record>
  <date>2025-10-27T04:10:04.086326600Z</date>
  <millis>1761538204086</millis>
  <nanos>326600</nanos>
  <sequence>59</sequence>
  <level>START</level>
  <class>com.kms.katalon.core.logging.XmlKeywordLogger</class>
  <method>startKeyword</method>
  <thread>1</thread>
  <message>Start action : verifyEqual(lastNameAfterPost, testLastName)</message>
  <nestedLevel>1</nestedLevel>
  <escapedJava>false</escapedJava>
  <property name="startLine">38</property>
  <property name="stepIndex">13</property>
</record>
<record>
  <date>2025-10-27T04:10:04.109386400Z</date>
  <millis>1761538204109</millis>
  <nanos>386400</nanos>
  <sequence>62</sequence>
  <level>PASSED</level>
  <class>com.kms.katalon.core.logging.XmlKeywordLogger</class>
  <method>logMessage</method>
  <thread>1</thread>
  <message>Actual object &amp;apos;Abdillah&amp;apos; and expected object &amp;apos;Abdillah&amp;apos; are equal</message>
  <nestedLevel>1</nestedLevel>
  <escapedJava>false</escapedJava>
  <property name="testops-is-assertion">true</property>
  <property name="testops-method-name">com.kms.katalon.core.keyword.builtin.VerifyEqualKeyword.verifyEqual</property>
  <property name="testops-execution-stacktrace"></property>
</record>
<record>
  <date>2025-10-27T04:10:04.127222500Z</date>
  <millis>1761538204127</millis>
  <nanos>222500</nanos>
  <sequence>63</sequence>
  <level>END</level>
  <class>com.kms.katalon.core.logging.XmlKeywordLogger</class>
  <method>endKeyword</method>
  <thread>1</thread>
  <message>End action : verifyEqual(lastNameAfterPost, testLastName)</message>
  <nestedLevel>1</nestedLevel>
  <escapedJava>false</escapedJava>
</record>
<record>
  <date>2025-10-27T04:10:04.128853800Z</date>
  <millis>1761538204128</millis>
  <nanos>853800</nanos>
  <sequence>64</sequence>
  <level>START</level>
  <class>com.kms.katalon.core.logging.XmlKeywordLogger</class>
  <method>startKeyword</method>
  <thread>1</thread>
  <message>Start action : assert workDurationAfterPost == 2</message>
  <nestedLevel>1</nestedLevel>
  <escapedJava>false</escapedJava>
  <property name="startLine">39</property>
  <property name="stepIndex">14</property>
</record>
<record>
  <date>2025-10-27T04:10:04.142179300Z</date>
  <millis>1761538204142</millis>
  <nanos>179300</nanos>
  <sequence>65</sequence>
  <level>END</level>
  <class>com.kms.katalon.core.logging.XmlKeywordLogger</class>
  <method>endKeyword</method>
  <thread>1</thread>
  <message>End action : assert workDurationAfterPost == 2</message>
  <nestedLevel>1</nestedLevel>
  <escapedJava>false</escapedJava>
</record>
<record>
  <date>2025-10-27T04:10:04.149160500Z</date>
  <millis>1761538204149</millis>
  <nanos>160500</nanos>
  <sequence>66</sequence>
  <level>START</level>
  <class>com.kms.katalon.core.logging.XmlKeywordLogger</class>
  <method>startKeyword</method>
  <thread>1</thread>
  <message>Start action : responsePatch = sendRequest(findTestObject(&amp;quot;PATCH A USER&amp;quot;, [&amp;quot;jobposition&amp;quot;:&amp;quot;Senior QA Engineer&amp;quot;, &amp;quot;salary&amp;quot;:8888888]))</message>
  <nestedLevel>1</nestedLevel>
  <escapedJava>false</escapedJava>
  <property name="startLine">41</property>
  <property name="stepIndex">15</property>
</record>
<record>
  <date>2025-10-27T04:10:04.973500300Z</date>
  <millis>1761538204973</millis>
  <nanos>500300</nanos>
  <sequence>70</sequence>
  <level>INFO</level>
  <class>com.kms.katalon.core.logging.XmlKeywordLogger</class>
  <method>logMessage</method>
  <thread>1</thread>
  <message>HAR: C:\Users\Baby Groot\Katalon Studio\katalon-api-testing\Reports\20251027_110940\TS - Workflow User CRUD\20251027_110941\requests\main\PATCH-A-USER_2.har</message>
  <nestedLevel>1</nestedLevel>
  <escapedJava>false</escapedJava>
  <property name="harId">6e475ef1-3833-424b-b7c3-aa2d255652a5</property>
</record>
<record>
  <date>2025-10-27T04:10:04.979457100Z</date>
  <millis>1761538204979</millis>
  <nanos>457100</nanos>
  <sequence>71</sequence>
  <level>PASSED</level>
  <class>com.kms.katalon.core.logging.XmlKeywordLogger</class>
  <method>logMessage</method>
  <thread>1</thread>
  <message>Send request successfully</message>
  <nestedLevel>1</nestedLevel>
  <escapedJava>false</escapedJava>
  <property name="testops-method-name">com.kms.katalon.core.webservice.keyword.builtin.SendRequestKeyword.sendRequest</property>
  <property name="testops-execution-stacktrace"></property>
</record>
<record>
  <date>2025-10-27T04:10:04.982446700Z</date>
  <millis>1761538204982</millis>
  <nanos>446700</nanos>
  <sequence>72</sequence>
  <level>END</level>
  <class>com.kms.katalon.core.logging.XmlKeywordLogger</class>
  <method>endKeyword</method>
  <thread>1</thread>
  <message>End action : responsePatch = sendRequest(findTestObject(&amp;quot;PATCH A USER&amp;quot;, [&amp;quot;jobposition&amp;quot;:&amp;quot;Senior QA Engineer&amp;quot;, &amp;quot;salary&amp;quot;:8888888]))</message>
  <nestedLevel>1</nestedLevel>
  <escapedJava>false</escapedJava>
</record>
<record>
  <date>2025-10-27T04:10:04.983265200Z</date>
  <millis>1761538204983</millis>
  <nanos>265200</nanos>
  <sequence>73</sequence>
  <level>START</level>
  <class>com.kms.katalon.core.logging.XmlKeywordLogger</class>
  <method>startKeyword</method>
  <thread>1</thread>
  <message>Start action : userNamePatch = getElementPropertyValue(responsePatch, &amp;quot;[0].username&amp;quot;)</message>
  <nestedLevel>1</nestedLevel>
  <escapedJava>false</escapedJava>
  <property name="startLine">43</property>
  <property name="stepIndex">16</property>
</record>
<record>
  <date>2025-10-27T04:10:05.068323800Z</date>
  <millis>1761538205068</millis>
  <nanos>323800</nanos>
  <sequence>76</sequence>
  <level>END</level>
  <class>com.kms.katalon.core.logging.XmlKeywordLogger</class>
  <method>endKeyword</method>
  <thread>1</thread>
  <message>End action : userNamePatch = getElementPropertyValue(responsePatch, &amp;quot;[0].username&amp;quot;)</message>
  <nestedLevel>1</nestedLevel>
  <escapedJava>false</escapedJava>
</record>
<record>
  <date>2025-10-27T04:10:05.069203600Z</date>
  <millis>1761538205069</millis>
  <nanos>203600</nanos>
  <sequence>77</sequence>
  <level>START</level>
  <class>com.kms.katalon.core.logging.XmlKeywordLogger</class>
  <method>startKeyword</method>
  <thread>1</thread>
  <message>Start action : jobPositionPatch = getElementPropertyValue(responsePatch, &amp;quot;[0].job_position&amp;quot;)</message>
  <nestedLevel>1</nestedLevel>
  <escapedJava>false</escapedJava>
  <property name="startLine">44</property>
  <property name="stepIndex">17</property>
</record>
<record>
  <date>2025-10-27T04:10:05.153784100Z</date>
  <millis>1761538205153</millis>
  <nanos>784100</nanos>
  <sequence>80</sequence>
  <level>END</level>
  <class>com.kms.katalon.core.logging.XmlKeywordLogger</class>
  <method>endKeyword</method>
  <thread>1</thread>
  <message>End action : jobPositionPatch = getElementPropertyValue(responsePatch, &amp;quot;[0].job_position&amp;quot;)</message>
  <nestedLevel>1</nestedLevel>
  <escapedJava>false</escapedJava>
</record>
<record>
  <date>2025-10-27T04:10:05.153784100Z</date>
  <millis>1761538205153</millis>
  <nanos>784100</nanos>
  <sequence>81</sequence>
  <level>START</level>
  <class>com.kms.katalon.core.logging.XmlKeywordLogger</class>
  <method>startKeyword</method>
  <thread>1</thread>
  <message>Start action : SalaryPatch = getElementPropertyValue(responsePatch, &amp;quot;[0].salary&amp;quot;)</message>
  <nestedLevel>1</nestedLevel>
  <escapedJava>false</escapedJava>
  <property name="startLine">45</property>
  <property name="stepIndex">18</property>
</record>
<record>
  <date>2025-10-27T04:10:05.230711600Z</date>
  <millis>1761538205230</millis>
  <nanos>711600</nanos>
  <sequence>84</sequence>
  <level>END</level>
  <class>com.kms.katalon.core.logging.XmlKeywordLogger</class>
  <method>endKeyword</method>
  <thread>1</thread>
  <message>End action : SalaryPatch = getElementPropertyValue(responsePatch, &amp;quot;[0].salary&amp;quot;)</message>
  <nestedLevel>1</nestedLevel>
  <escapedJava>false</escapedJava>
</record>
<record>
  <date>2025-10-27T04:10:05.231706100Z</date>
  <millis>1761538205231</millis>
  <nanos>706100</nanos>
  <sequence>85</sequence>
  <level>START</level>
  <class>com.kms.katalon.core.logging.XmlKeywordLogger</class>
  <method>startKeyword</method>
  <thread>1</thread>
  <message>Start action : verifyEqual(userNamePatch, &amp;quot;broot&amp;quot;)</message>
  <nestedLevel>1</nestedLevel>
  <escapedJava>false</escapedJava>
  <property name="startLine">47</property>
  <property name="stepIndex">19</property>
</record>
<record>
  <date>2025-10-27T04:10:05.252509800Z</date>
  <millis>1761538205252</millis>
  <nanos>509800</nanos>
  <sequence>88</sequence>
  <level>PASSED</level>
  <class>com.kms.katalon.core.logging.XmlKeywordLogger</class>
  <method>logMessage</method>
  <thread>1</thread>
  <message>Actual object &amp;apos;broot&amp;apos; and expected object &amp;apos;broot&amp;apos; are equal</message>
  <nestedLevel>1</nestedLevel>
  <escapedJava>false</escapedJava>
  <property name="testops-is-assertion">true</property>
  <property name="testops-method-name">com.kms.katalon.core.keyword.builtin.VerifyEqualKeyword.verifyEqual</property>
  <property name="testops-execution-stacktrace"></property>
</record>
<record>
  <date>2025-10-27T04:10:05.258390600Z</date>
  <millis>1761538205258</millis>
  <nanos>390600</nanos>
  <sequence>89</sequence>
  <level>END</level>
  <class>com.kms.katalon.core.logging.XmlKeywordLogger</class>
  <method>endKeyword</method>
  <thread>1</thread>
  <message>End action : verifyEqual(userNamePatch, &amp;quot;broot&amp;quot;)</message>
  <nestedLevel>1</nestedLevel>
  <escapedJava>false</escapedJava>
</record>
<record>
  <date>2025-10-27T04:10:05.260493700Z</date>
  <millis>1761538205260</millis>
  <nanos>493700</nanos>
  <sequence>90</sequence>
  <level>START</level>
  <class>com.kms.katalon.core.logging.XmlKeywordLogger</class>
  <method>startKeyword</method>
  <thread>1</thread>
  <message>Start action : verifyMatch(jobPositionPatch, &amp;quot;Senior QA Engineer&amp;quot;, false)</message>
  <nestedLevel>1</nestedLevel>
  <escapedJava>false</escapedJava>
  <property name="startLine">48</property>
  <property name="stepIndex">20</property>
</record>
<record>
  <date>2025-10-27T04:10:05.306882800Z</date>
  <millis>1761538205306</millis>
  <nanos>882800</nanos>
  <sequence>93</sequence>
  <level>PASSED</level>
  <class>com.kms.katalon.core.logging.XmlKeywordLogger</class>
  <method>logMessage</method>
  <thread>1</thread>
  <message>Actual text &amp;apos;Senior QA Engineer&amp;apos; and expected text &amp;apos;Senior QA Engineer&amp;apos; are matched </message>
  <nestedLevel>1</nestedLevel>
  <escapedJava>false</escapedJava>
  <property name="testops-is-assertion">true</property>
  <property name="testops-method-name">com.kms.katalon.core.keyword.builtin.VerifyMatchKeyword.verifyMatch</property>
  <property name="testops-execution-stacktrace"></property>
</record>
<record>
  <date>2025-10-27T04:10:05.313733600Z</date>
  <millis>1761538205313</millis>
  <nanos>733600</nanos>
  <sequence>94</sequence>
  <level>END</level>
  <class>com.kms.katalon.core.logging.XmlKeywordLogger</class>
  <method>endKeyword</method>
  <thread>1</thread>
  <message>End action : verifyMatch(jobPositionPatch, &amp;quot;Senior QA Engineer&amp;quot;, false)</message>
  <nestedLevel>1</nestedLevel>
  <escapedJava>false</escapedJava>
</record>
<record>
  <date>2025-10-27T04:10:05.314732100Z</date>
  <millis>1761538205314</millis>
  <nanos>732100</nanos>
  <sequence>95</sequence>
  <level>START</level>
  <class>com.kms.katalon.core.logging.XmlKeywordLogger</class>
  <method>startKeyword</method>
  <thread>1</thread>
  <message>Start action : assert SalaryPatch == 8888888</message>
  <nestedLevel>1</nestedLevel>
  <escapedJava>false</escapedJava>
  <property name="startLine">49</property>
  <property name="stepIndex">21</property>
</record>
<record>
  <date>2025-10-27T04:10:05.322713200Z</date>
  <millis>1761538205322</millis>
  <nanos>713200</nanos>
  <sequence>96</sequence>
  <level>END</level>
  <class>com.kms.katalon.core.logging.XmlKeywordLogger</class>
  <method>endKeyword</method>
  <thread>1</thread>
  <message>End action : assert SalaryPatch == 8888888</message>
  <nestedLevel>1</nestedLevel>
  <escapedJava>false</escapedJava>
</record>
<record>
  <date>2025-10-27T04:10:05.323954200Z</date>
  <millis>1761538205323</millis>
  <nanos>954200</nanos>
  <sequence>97</sequence>
  <level>START</level>
  <class>com.kms.katalon.core.logging.XmlKeywordLogger</class>
  <method>startKeyword</method>
  <thread>1</thread>
  <message>Start action : responseAfterPatch = sendRequest(findTestObject(&amp;quot;GET SINGLE USER&amp;quot;))</message>
  <nestedLevel>1</nestedLevel>
  <escapedJava>false</escapedJava>
  <property name="startLine">51</property>
  <property name="stepIndex">22</property>
</record>
<record>
  <date>2025-10-27T04:10:05.968006300Z</date>
  <millis>1761538205968</millis>
  <nanos>6300</nanos>
  <sequence>101</sequence>
  <level>INFO</level>
  <class>com.kms.katalon.core.logging.XmlKeywordLogger</class>
  <method>logMessage</method>
  <thread>1</thread>
  <message>HAR: C:\Users\Baby Groot\Katalon Studio\katalon-api-testing\Reports\20251027_110940\TS - Workflow User CRUD\20251027_110941\requests\main\GET-SINGLE-USER_3.har</message>
  <nestedLevel>1</nestedLevel>
  <escapedJava>false</escapedJava>
  <property name="harId">4b189885-3927-4665-a94a-45e4096a15ce</property>
</record>
<record>
  <date>2025-10-27T04:10:05.971995400Z</date>
  <millis>1761538205971</millis>
  <nanos>995400</nanos>
  <sequence>102</sequence>
  <level>PASSED</level>
  <class>com.kms.katalon.core.logging.XmlKeywordLogger</class>
  <method>logMessage</method>
  <thread>1</thread>
  <message>Send request successfully</message>
  <nestedLevel>1</nestedLevel>
  <escapedJava>false</escapedJava>
  <property name="testops-method-name">com.kms.katalon.core.webservice.keyword.builtin.SendRequestKeyword.sendRequest</property>
  <property name="testops-execution-stacktrace"></property>
</record>
<record>
  <date>2025-10-27T04:10:05.976504100Z</date>
  <millis>1761538205976</millis>
  <nanos>504100</nanos>
  <sequence>103</sequence>
  <level>END</level>
  <class>com.kms.katalon.core.logging.XmlKeywordLogger</class>
  <method>endKeyword</method>
  <thread>1</thread>
  <message>End action : responseAfterPatch = sendRequest(findTestObject(&amp;quot;GET SINGLE USER&amp;quot;))</message>
  <nestedLevel>1</nestedLevel>
  <escapedJava>false</escapedJava>
</record>
<record>
  <date>2025-10-27T04:10:05.977979900Z</date>
  <millis>1761538205977</millis>
  <nanos>979900</nanos>
  <sequence>104</sequence>
  <level>START</level>
  <class>com.kms.katalon.core.logging.XmlKeywordLogger</class>
  <method>startKeyword</method>
  <thread>1</thread>
  <message>Start action : userNameAfterPatch = getElementPropertyValue(responseAfterPatch, &amp;quot;[0].username&amp;quot;)</message>
  <nestedLevel>1</nestedLevel>
  <escapedJava>false</escapedJava>
  <property name="startLine">53</property>
  <property name="stepIndex">23</property>
</record>
<record>
  <date>2025-10-27T04:10:06.078408700Z</date>
  <millis>1761538206078</millis>
  <nanos>408700</nanos>
  <sequence>107</sequence>
  <level>END</level>
  <class>com.kms.katalon.core.logging.XmlKeywordLogger</class>
  <method>endKeyword</method>
  <thread>1</thread>
  <message>End action : userNameAfterPatch = getElementPropertyValue(responseAfterPatch, &amp;quot;[0].username&amp;quot;)</message>
  <nestedLevel>1</nestedLevel>
  <escapedJava>false</escapedJava>
</record>
<record>
  <date>2025-10-27T04:10:06.079406800Z</date>
  <millis>1761538206079</millis>
  <nanos>406800</nanos>
  <sequence>108</sequence>
  <level>START</level>
  <class>com.kms.katalon.core.logging.XmlKeywordLogger</class>
  <method>startKeyword</method>
  <thread>1</thread>
  <message>Start action : firtsNameAfterPatch = getElementPropertyValue(responseAfterPatch, &amp;quot;[0].first_name&amp;quot;)</message>
  <nestedLevel>1</nestedLevel>
  <escapedJava>false</escapedJava>
  <property name="startLine">54</property>
  <property name="stepIndex">24</property>
</record>
<record>
  <date>2025-10-27T04:10:06.177556500Z</date>
  <millis>1761538206177</millis>
  <nanos>556500</nanos>
  <sequence>111</sequence>
  <level>END</level>
  <class>com.kms.katalon.core.logging.XmlKeywordLogger</class>
  <method>endKeyword</method>
  <thread>1</thread>
  <message>End action : firtsNameAfterPatch = getElementPropertyValue(responseAfterPatch, &amp;quot;[0].first_name&amp;quot;)</message>
  <nestedLevel>1</nestedLevel>
  <escapedJava>false</escapedJava>
</record>
<record>
  <date>2025-10-27T04:10:06.178353500Z</date>
  <millis>1761538206178</millis>
  <nanos>353500</nanos>
  <sequence>112</sequence>
  <level>START</level>
  <class>com.kms.katalon.core.logging.XmlKeywordLogger</class>
  <method>startKeyword</method>
  <thread>1</thread>
  <message>Start action : lastNameAfterPatch = getElementPropertyValue(responseAfterPatch, &amp;quot;[0].last_name&amp;quot;)</message>
  <nestedLevel>1</nestedLevel>
  <escapedJava>false</escapedJava>
  <property name="startLine">55</property>
  <property name="stepIndex">25</property>
</record>
<record>
  <date>2025-10-27T04:10:06.248383Z</date>
  <millis>1761538206248</millis>
  <nanos>383000</nanos>
  <sequence>115</sequence>
  <level>END</level>
  <class>com.kms.katalon.core.logging.XmlKeywordLogger</class>
  <method>endKeyword</method>
  <thread>1</thread>
  <message>End action : lastNameAfterPatch = getElementPropertyValue(responseAfterPatch, &amp;quot;[0].last_name&amp;quot;)</message>
  <nestedLevel>1</nestedLevel>
  <escapedJava>false</escapedJava>
</record>
<record>
  <date>2025-10-27T04:10:06.249378700Z</date>
  <millis>1761538206249</millis>
  <nanos>378700</nanos>
  <sequence>116</sequence>
  <level>START</level>
  <class>com.kms.katalon.core.logging.XmlKeywordLogger</class>
  <method>startKeyword</method>
  <thread>1</thread>
  <message>Start action : jobPositionAfterPatch = getElementPropertyValue(responseAfterPatch, &amp;quot;[0].job_position&amp;quot;)</message>
  <nestedLevel>1</nestedLevel>
  <escapedJava>false</escapedJava>
  <property name="startLine">56</property>
  <property name="stepIndex">26</property>
</record>
<record>
  <date>2025-10-27T04:10:06.366200400Z</date>
  <millis>1761538206366</millis>
  <nanos>200400</nanos>
  <sequence>119</sequence>
  <level>END</level>
  <class>com.kms.katalon.core.logging.XmlKeywordLogger</class>
  <method>endKeyword</method>
  <thread>1</thread>
  <message>End action : jobPositionAfterPatch = getElementPropertyValue(responseAfterPatch, &amp;quot;[0].job_position&amp;quot;)</message>
  <nestedLevel>1</nestedLevel>
  <escapedJava>false</escapedJava>
</record>
<record>
  <date>2025-10-27T04:10:06.367195300Z</date>
  <millis>1761538206367</millis>
  <nanos>195300</nanos>
  <sequence>120</sequence>
  <level>START</level>
  <class>com.kms.katalon.core.logging.XmlKeywordLogger</class>
  <method>startKeyword</method>
  <thread>1</thread>
  <message>Start action : SalaryAfterPatch = getElementPropertyValue(responseAfterPatch, &amp;quot;[0].salary&amp;quot;)</message>
  <nestedLevel>1</nestedLevel>
  <escapedJava>false</escapedJava>
  <property name="startLine">57</property>
  <property name="stepIndex">27</property>
</record>
<record>
  <date>2025-10-27T04:10:06.468105900Z</date>
  <millis>1761538206468</millis>
  <nanos>105900</nanos>
  <sequence>123</sequence>
  <level>END</level>
  <class>com.kms.katalon.core.logging.XmlKeywordLogger</class>
  <method>endKeyword</method>
  <thread>1</thread>
  <message>End action : SalaryAfterPatch = getElementPropertyValue(responseAfterPatch, &amp;quot;[0].salary&amp;quot;)</message>
  <nestedLevel>1</nestedLevel>
  <escapedJava>false</escapedJava>
</record>
<record>
  <date>2025-10-27T04:10:06.469103100Z</date>
  <millis>1761538206469</millis>
  <nanos>103100</nanos>
  <sequence>124</sequence>
  <level>START</level>
  <class>com.kms.katalon.core.logging.XmlKeywordLogger</class>
  <method>startKeyword</method>
  <thread>1</thread>
  <message>Start action : verifyEqual(userNameAfterPatch, &amp;quot;broot&amp;quot;)</message>
  <nestedLevel>1</nestedLevel>
  <escapedJava>false</escapedJava>
  <property name="startLine">59</property>
  <property name="stepIndex">28</property>
</record>
<record>
  <date>2025-10-27T04:10:06.483064500Z</date>
  <millis>1761538206483</millis>
  <nanos>64500</nanos>
  <sequence>127</sequence>
  <level>PASSED</level>
  <class>com.kms.katalon.core.logging.XmlKeywordLogger</class>
  <method>logMessage</method>
  <thread>1</thread>
  <message>Actual object &amp;apos;broot&amp;apos; and expected object &amp;apos;broot&amp;apos; are equal</message>
  <nestedLevel>1</nestedLevel>
  <escapedJava>false</escapedJava>
  <property name="testops-is-assertion">true</property>
  <property name="testops-method-name">com.kms.katalon.core.keyword.builtin.VerifyEqualKeyword.verifyEqual</property>
  <property name="testops-execution-stacktrace"></property>
</record>
<record>
  <date>2025-10-27T04:10:06.488050700Z</date>
  <millis>1761538206488</millis>
  <nanos>50700</nanos>
  <sequence>128</sequence>
  <level>END</level>
  <class>com.kms.katalon.core.logging.XmlKeywordLogger</class>
  <method>endKeyword</method>
  <thread>1</thread>
  <message>End action : verifyEqual(userNameAfterPatch, &amp;quot;broot&amp;quot;)</message>
  <nestedLevel>1</nestedLevel>
  <escapedJava>false</escapedJava>
</record>
<record>
  <date>2025-10-27T04:10:06.488050700Z</date>
  <millis>1761538206488</millis>
  <nanos>50700</nanos>
  <sequence>129</sequence>
  <level>START</level>
  <class>com.kms.katalon.core.logging.XmlKeywordLogger</class>
  <method>startKeyword</method>
  <thread>1</thread>
  <message>Start action : verifyEqual(firtsNameAfterPatch, testFirtsName)</message>
  <nestedLevel>1</nestedLevel>
  <escapedJava>false</escapedJava>
  <property name="startLine">60</property>
  <property name="stepIndex">29</property>
</record>
<record>
  <date>2025-10-27T04:10:06.499024100Z</date>
  <millis>1761538206499</millis>
  <nanos>24100</nanos>
  <sequence>132</sequence>
  <level>PASSED</level>
  <class>com.kms.katalon.core.logging.XmlKeywordLogger</class>
  <method>logMessage</method>
  <thread>1</thread>
  <message>Actual object &amp;apos;Fitri&amp;apos; and expected object &amp;apos;Fitri&amp;apos; are equal</message>
  <nestedLevel>1</nestedLevel>
  <escapedJava>false</escapedJava>
  <property name="testops-is-assertion">true</property>
  <property name="testops-method-name">com.kms.katalon.core.keyword.builtin.VerifyEqualKeyword.verifyEqual</property>
  <property name="testops-execution-stacktrace"></property>
</record>
<record>
  <date>2025-10-27T04:10:06.504010500Z</date>
  <millis>1761538206504</millis>
  <nanos>10500</nanos>
  <sequence>133</sequence>
  <level>END</level>
  <class>com.kms.katalon.core.logging.XmlKeywordLogger</class>
  <method>endKeyword</method>
  <thread>1</thread>
  <message>End action : verifyEqual(firtsNameAfterPatch, testFirtsName)</message>
  <nestedLevel>1</nestedLevel>
  <escapedJava>false</escapedJava>
</record>
<record>
  <date>2025-10-27T04:10:06.505007300Z</date>
  <millis>1761538206505</millis>
  <nanos>7300</nanos>
  <sequence>134</sequence>
  <level>START</level>
  <class>com.kms.katalon.core.logging.XmlKeywordLogger</class>
  <method>startKeyword</method>
  <thread>1</thread>
  <message>Start action : verifyEqual(lastNameAfterPatch, testLastName)</message>
  <nestedLevel>1</nestedLevel>
  <escapedJava>false</escapedJava>
  <property name="startLine">61</property>
  <property name="stepIndex">30</property>
</record>
<record>
  <date>2025-10-27T04:10:06.589688800Z</date>
  <millis>1761538206589</millis>
  <nanos>688800</nanos>
  <sequence>137</sequence>
  <level>PASSED</level>
  <class>com.kms.katalon.core.logging.XmlKeywordLogger</class>
  <method>logMessage</method>
  <thread>1</thread>
  <message>Actual object &amp;apos;Abdillah&amp;apos; and expected object &amp;apos;Abdillah&amp;apos; are equal</message>
  <nestedLevel>1</nestedLevel>
  <escapedJava>false</escapedJava>
  <property name="testops-is-assertion">true</property>
  <property name="testops-method-name">com.kms.katalon.core.keyword.builtin.VerifyEqualKeyword.verifyEqual</property>
  <property name="testops-execution-stacktrace"></property>
</record>
<record>
  <date>2025-10-27T04:10:06.599842700Z</date>
  <millis>1761538206599</millis>
  <nanos>842700</nanos>
  <sequence>138</sequence>
  <level>END</level>
  <class>com.kms.katalon.core.logging.XmlKeywordLogger</class>
  <method>endKeyword</method>
  <thread>1</thread>
  <message>End action : verifyEqual(lastNameAfterPatch, testLastName)</message>
  <nestedLevel>1</nestedLevel>
  <escapedJava>false</escapedJava>
</record>
<record>
  <date>2025-10-27T04:10:06.601092900Z</date>
  <millis>1761538206601</millis>
  <nanos>92900</nanos>
  <sequence>139</sequence>
  <level>START</level>
  <class>com.kms.katalon.core.logging.XmlKeywordLogger</class>
  <method>startKeyword</method>
  <thread>1</thread>
  <message>Start action : verifyMatch(jobPositionAfterPatch, &amp;quot;Senior QA Engineer&amp;quot;, false)</message>
  <nestedLevel>1</nestedLevel>
  <escapedJava>false</escapedJava>
  <property name="startLine">62</property>
  <property name="stepIndex">31</property>
</record>
<record>
  <date>2025-10-27T04:10:06.604664400Z</date>
  <millis>1761538206604</millis>
  <nanos>664400</nanos>
  <sequence>142</sequence>
  <level>PASSED</level>
  <class>com.kms.katalon.core.logging.XmlKeywordLogger</class>
  <method>logMessage</method>
  <thread>1</thread>
  <message>Actual text &amp;apos;Senior QA Engineer&amp;apos; and expected text &amp;apos;Senior QA Engineer&amp;apos; are matched </message>
  <nestedLevel>1</nestedLevel>
  <escapedJava>false</escapedJava>
  <property name="testops-is-assertion">true</property>
  <property name="testops-method-name">com.kms.katalon.core.keyword.builtin.VerifyMatchKeyword.verifyMatch</property>
  <property name="testops-execution-stacktrace"></property>
</record>
<record>
  <date>2025-10-27T04:10:06.607640400Z</date>
  <millis>1761538206607</millis>
  <nanos>640400</nanos>
  <sequence>143</sequence>
  <level>END</level>
  <class>com.kms.katalon.core.logging.XmlKeywordLogger</class>
  <method>endKeyword</method>
  <thread>1</thread>
  <message>End action : verifyMatch(jobPositionAfterPatch, &amp;quot;Senior QA Engineer&amp;quot;, false)</message>
  <nestedLevel>1</nestedLevel>
  <escapedJava>false</escapedJava>
</record>
<record>
  <date>2025-10-27T04:10:06.608637600Z</date>
  <millis>1761538206608</millis>
  <nanos>637600</nanos>
  <sequence>144</sequence>
  <level>START</level>
  <class>com.kms.katalon.core.logging.XmlKeywordLogger</class>
  <method>startKeyword</method>
  <thread>1</thread>
  <message>Start action : assert SalaryAfterPatch == 8888888</message>
  <nestedLevel>1</nestedLevel>
  <escapedJava>false</escapedJava>
  <property name="startLine">63</property>
  <property name="stepIndex">32</property>
</record>
<record>
  <date>2025-10-27T04:10:06.614623300Z</date>
  <millis>1761538206614</millis>
  <nanos>623300</nanos>
  <sequence>145</sequence>
  <level>END</level>
  <class>com.kms.katalon.core.logging.XmlKeywordLogger</class>
  <method>endKeyword</method>
  <thread>1</thread>
  <message>End action : assert SalaryAfterPatch == 8888888</message>
  <nestedLevel>1</nestedLevel>
  <escapedJava>false</escapedJava>
</record>
<record>
  <date>2025-10-27T04:10:06.615620100Z</date>
  <millis>1761538206615</millis>
  <nanos>620100</nanos>
  <sequence>146</sequence>
  <level>START</level>
  <class>com.kms.katalon.core.logging.XmlKeywordLogger</class>
  <method>startKeyword</method>
  <thread>1</thread>
  <message>Start action : response = sendRequest(findTestObject(&amp;quot;DELETE USER&amp;quot;))</message>
  <nestedLevel>1</nestedLevel>
  <escapedJava>false</escapedJava>
  <property name="startLine">67</property>
  <property name="stepIndex">33</property>
</record>
<record>
  <date>2025-10-27T04:10:07.056513100Z</date>
  <millis>1761538207056</millis>
  <nanos>513100</nanos>
  <sequence>150</sequence>
  <level>INFO</level>
  <class>com.kms.katalon.core.logging.XmlKeywordLogger</class>
  <method>logMessage</method>
  <thread>1</thread>
  <message>HAR: C:\Users\Baby Groot\Katalon Studio\katalon-api-testing\Reports\20251027_110940\TS - Workflow User CRUD\20251027_110941\requests\main\DELETE-USER_4.har</message>
  <nestedLevel>1</nestedLevel>
  <escapedJava>false</escapedJava>
  <property name="harId">ca6e70dd-2fd1-4942-aca7-058c49531837</property>
</record>
<record>
  <date>2025-10-27T04:10:07.070479100Z</date>
  <millis>1761538207070</millis>
  <nanos>479100</nanos>
  <sequence>151</sequence>
  <level>PASSED</level>
  <class>com.kms.katalon.core.logging.XmlKeywordLogger</class>
  <method>logMessage</method>
  <thread>1</thread>
  <message>Send request successfully</message>
  <nestedLevel>1</nestedLevel>
  <escapedJava>false</escapedJava>
  <property name="testops-method-name">com.kms.katalon.core.webservice.keyword.builtin.SendRequestKeyword.sendRequest</property>
  <property name="testops-execution-stacktrace"></property>
</record>
<record>
  <date>2025-10-27T04:10:07.081508700Z</date>
  <millis>1761538207081</millis>
  <nanos>508700</nanos>
  <sequence>152</sequence>
  <level>END</level>
  <class>com.kms.katalon.core.logging.XmlKeywordLogger</class>
  <method>endKeyword</method>
  <thread>1</thread>
  <message>End action : response = sendRequest(findTestObject(&amp;quot;DELETE USER&amp;quot;))</message>
  <nestedLevel>1</nestedLevel>
  <escapedJava>false</escapedJava>
</record>
<record>
  <date>2025-10-27T04:10:07.082617700Z</date>
  <millis>1761538207082</millis>
  <nanos>617700</nanos>
  <sequence>153</sequence>
  <level>START</level>
  <class>com.kms.katalon.core.logging.XmlKeywordLogger</class>
  <method>startKeyword</method>
  <thread>1</thread>
  <message>Start action : responseTimeDelete = response.getElapsedTime()</message>
  <nestedLevel>1</nestedLevel>
  <escapedJava>false</escapedJava>
  <property name="startLine">69</property>
  <property name="stepIndex">34</property>
</record>
<record>
  <date>2025-10-27T04:10:07.150583700Z</date>
  <millis>1761538207150</millis>
  <nanos>583700</nanos>
  <sequence>154</sequence>
  <level>END</level>
  <class>com.kms.katalon.core.logging.XmlKeywordLogger</class>
  <method>endKeyword</method>
  <thread>1</thread>
  <message>End action : responseTimeDelete = response.getElapsedTime()</message>
  <nestedLevel>1</nestedLevel>
  <escapedJava>false</escapedJava>
</record>
<record>
  <date>2025-10-27T04:10:07.152580500Z</date>
  <millis>1761538207152</millis>
  <nanos>580500</nanos>
  <sequence>155</sequence>
  <level>START</level>
  <class>com.kms.katalon.core.logging.XmlKeywordLogger</class>
  <method>startKeyword</method>
  <thread>1</thread>
  <message>Start action : verifyLessThan(responseTimeDelete, 10000)</message>
  <nestedLevel>1</nestedLevel>
  <escapedJava>false</escapedJava>
  <property name="startLine">70</property>
  <property name="stepIndex">35</property>
</record>
<record>
  <date>2025-10-27T04:10:07.204392Z</date>
  <millis>1761538207204</millis>
  <nanos>392000</nanos>
  <sequence>157</sequence>
  <level>PASSED</level>
  <class>com.kms.katalon.core.logging.XmlKeywordLogger</class>
  <method>logMessage</method>
  <thread>1</thread>
  <message>Actual number &amp;apos;170&amp;apos; is less than expected number &amp;apos;10.000&amp;apos;</message>
  <nestedLevel>1</nestedLevel>
  <escapedJava>false</escapedJava>
  <property name="testops-is-assertion">true</property>
  <property name="testops-method-name">com.kms.katalon.core.keyword.builtin.VerifyLessThanKeyword.verifyLessThan</property>
  <property name="testops-execution-stacktrace"></property>
</record>
<record>
  <date>2025-10-27T04:10:07.204477300Z</date>
  <millis>1761538207204</millis>
  <nanos>477300</nanos>
  <sequence>158</sequence>
  <level>END</level>
  <class>com.kms.katalon.core.logging.XmlKeywordLogger</class>
  <method>endKeyword</method>
  <thread>1</thread>
  <message>End action : verifyLessThan(responseTimeDelete, 10000)</message>
  <nestedLevel>1</nestedLevel>
  <escapedJava>false</escapedJava>
</record>
<record>
  <date>2025-10-27T04:10:07.205389900Z</date>
  <millis>1761538207205</millis>
  <nanos>389900</nanos>
  <sequence>159</sequence>
  <level>PASSED</level>
  <class>com.kms.katalon.core.logging.XmlKeywordLogger</class>
  <method>logMessage</method>
  <thread>1</thread>
  <message>Test Cases/Mock API/TC06-Chain API - Workflow USER CRUD</message>
  <nestedLevel>1</nestedLevel>
  <escapedJava>false</escapedJava>
</record>
<record>
  <date>2025-10-27T04:10:07.207384200Z</date>
  <millis>1761538207207</millis>
  <nanos>384200</nanos>
  <sequence>160</sequence>
  <level>END</level>
  <class>com.kms.katalon.core.logging.XmlKeywordLogger</class>
  <method>endTest</method>
  <thread>1</thread>
  <message>End Test Case : Test Cases/Mock API/TC06-Chain API - Workflow USER CRUD</message>
  <nestedLevel>0</nestedLevel>
  <escapedJava>false</escapedJava>
  <property name="executionBindingVariables">[]</property>
  <property name="applitools">false</property>
  <property name="remainingRetryCount">3</property>
  <property name="currentRetryCount">0</property>
  <property name="keywordsUsage">{
  &quot;web_ui&quot;: false,
  &quot;web_service&quot;: true,
  &quot;cucumber&quot;: false,
  &quot;builtin&quot;: true,
  &quot;mobile&quot;: false,
  &quot;windows&quot;: false,
  &quot;testng&quot;: false
}</property>
</record>
<record>
  <date>2025-10-27T04:10:07.351097600Z</date>
  <millis>1761538207351</millis>
  <nanos>97600</nanos>
  <sequence>161</sequence>
  <level>END</level>
  <class>com.kms.katalon.core.logging.XmlKeywordLogger</class>
  <method>endSuite</method>
  <thread>1</thread>
  <message>End Test Suite : Test Suites/TS - Workflow User CRUD</message>
  <nestedLevel>0</nestedLevel>
  <escapedJava>false</escapedJava>
</record>
</log>
